[    0.000000] Linux version 4.15.0-72-generic (buildd@lcy01-amd64-026) (gcc version 7.4.0 (Ubuntu 7.4.0-1ubuntu1~18.04.1)) #81-Ubuntu SMP Tue Nov 26 12:20:02 UTC 2019 (Ubuntu 4.15.0-72.81-generic 4.15.18)
[    0.000000] Command line: BOOT_IMAGE=/boot/vmlinuz-4.15.0-72-generic root=LABEL=cloudimg-rootfs ro console=tty1 console=ttyS0
[    0.000000] KERNEL supported cpus:
[    0.000000]   Intel GenuineIntel
[    0.000000]   AMD AuthenticAMD
[    0.000000]   Centaur CentaurHauls
[    0.000000] [Firmware Bug]: TSC doesn't count with P0 frequency!
[    0.000000] x86/fpu: Supporting XSAVE feature 0x001: 'x87 floating point registers'
[    0.000000] x86/fpu: Supporting XSAVE feature 0x002: 'SSE registers'
[    0.000000] x86/fpu: Supporting XSAVE feature 0x004: 'AVX registers'
[    0.000000] x86/fpu: xstate_offset[2]:  576, xstate_sizes[2]:  256
[    0.000000] x86/fpu: Enabled xstate features 0x7, context size is 832 bytes, using 'standard' format.
[    0.000000] e820: BIOS-provided physical RAM map:
[    0.000000] BIOS-e820: [mem 0x0000000000000000-0x000000000009fbff] usable
[    0.000000] BIOS-e820: [mem 0x000000000009fc00-0x000000000009ffff] reserved
[    0.000000] BIOS-e820: [mem 0x00000000000f0000-0x00000000000fffff] reserved
[    0.000000] BIOS-e820: [mem 0x0000000000100000-0x000000001ffeffff] usable
[    0.000000] BIOS-e820: [mem 0x000000001fff0000-0x000000001fffffff] ACPI data
[    0.000000] BIOS-e820: [mem 0x00000000fec00000-0x00000000fec00fff] reserved
[    0.000000] BIOS-e820: [mem 0x00000000fee00000-0x00000000fee00fff] reserved
[    0.000000] BIOS-e820: [mem 0x00000000fffc0000-0x00000000ffffffff] reserved
[    0.000000] NX (Execute Disable) protection: active
[    0.000000] SMBIOS 2.5 present.
[    0.000000] DMI: innotek GmbH VirtualBox/VirtualBox, BIOS VirtualBox 12/01/2006
[    0.000000] Hypervisor detected: KVM
[    0.000000] e820: last_pfn = 0x1fff0 max_arch_pfn = 0x400000000
[    0.000000] MTRR: Disabled
[    0.000000] x86/PAT: MTRRs disabled, skipping PAT initialization too.
[    0.000000] CPU MTRRs all blank - virtualized system.
[    0.000000] x86/PAT: Configuration [0-7]: WB  WT  UC- UC  WB  WT  UC- UC  
[    0.000000] found SMP MP-table at [mem 0x0009fff0-0x0009ffff]
[    0.000000] Scanning 1 areas for low memory corruption
[    0.000000] RAMDISK: [mem 0x1dbd5000-0x1ee93fff]
[    0.000000] ACPI: Early table checksum verification disabled
[    0.000000] ACPI: RSDP 0x00000000000E0000 000024 (v02 VBOX  )
[    0.000000] ACPI: XSDT 0x000000001FFF0030 00003C (v01 VBOX   VBOXXSDT 00000001 ASL  00000061)
[    0.000000] ACPI: FACP 0x000000001FFF00F0 0000F4 (v04 VBOX   VBOXFACP 00000001 ASL  00000061)
[    0.000000] ACPI: DSDT 0x000000001FFF0470 0022EA (v02 VBOX   VBOXBIOS 00000002 INTL 20190816)
[    0.000000] ACPI: FACS 0x000000001FFF0200 000040
[    0.000000] ACPI: FACS 0x000000001FFF0200 000040
[    0.000000] ACPI: APIC 0x000000001FFF0240 00005C (v02 VBOX   VBOXAPIC 00000001 ASL  00000061)
[    0.000000] ACPI: SSDT 0x000000001FFF02A0 0001CC (v01 VBOX   VBOXCPUT 00000002 INTL 20190816)
[    0.000000] No NUMA configuration found
[    0.000000] Faking a node at [mem 0x0000000000000000-0x000000001ffeffff]
[    0.000000] NODE_DATA(0) allocated [mem 0x1ffc5000-0x1ffeffff]
[    0.000000] kvm-clock: cpu 0, msr 0:1ff44001, primary cpu clock
[    0.000000] kvm-clock: Using msrs 4b564d01 and 4b564d00
[    0.000000] kvm-clock: using sched offset of 3396311012 cycles
[    0.000000] clocksource: kvm-clock: mask: 0xffffffffffffffff max_cycles: 0x1cd42e4dffb, max_idle_ns: 881590591483 ns
[    0.000000] Zone ranges:
[    0.000000]   DMA      [mem 0x0000000000001000-0x0000000000ffffff]
[    0.000000]   DMA32    [mem 0x0000000001000000-0x000000001ffeffff]
[    0.000000]   Normal   empty
[    0.000000]   Device   empty
[    0.000000] Movable zone start for each node
[    0.000000] Early memory node ranges
[    0.000000]   node   0: [mem 0x0000000000001000-0x000000000009efff]
[    0.000000]   node   0: [mem 0x0000000000100000-0x000000001ffeffff]
[    0.000000] Reserved but unavailable: 98 pages
[    0.000000] Initmem setup node 0 [mem 0x0000000000001000-0x000000001ffeffff]
[    0.000000] ACPI: PM-Timer IO Port: 0x4008
[    0.000000] IOAPIC[0]: apic_id 2, version 32, address 0xfec00000, GSI 0-23
[    0.000000] ACPI: INT_SRC_OVR (bus 0 bus_irq 0 global_irq 2 dfl dfl)
[    0.000000] ACPI: INT_SRC_OVR (bus 0 bus_irq 9 global_irq 9 low level)
[    0.000000] Using ACPI (MADT) for SMP configuration information
[    0.000000] smpboot: Allowing 2 CPUs, 0 hotplug CPUs
[    0.000000] PM: Registered nosave memory: [mem 0x00000000-0x00000fff]
[    0.000000] PM: Registered nosave memory: [mem 0x0009f000-0x0009ffff]
[    0.000000] PM: Registered nosave memory: [mem 0x000a0000-0x000effff]
[    0.000000] PM: Registered nosave memory: [mem 0x000f0000-0x000fffff]
[    0.000000] e820: [mem 0x20000000-0xfebfffff] available for PCI devices
[    0.000000] Booting paravirtualized kernel on KVM
[    0.000000] clocksource: refined-jiffies: mask: 0xffffffff max_cycles: 0xffffffff, max_idle_ns: 7645519600211568 ns
[    0.000000] random: get_random_bytes called from start_kernel+0x99/0x4fd with crng_init=0
[    0.000000] setup_percpu: NR_CPUS:8192 nr_cpumask_bits:2 nr_cpu_ids:2 nr_node_ids:1
[    0.000000] percpu: Embedded 45 pages/cpu s147456 r8192 d28672 u1048576
[    0.000000] PV qspinlock hash table entries: 256 (order: 0, 4096 bytes)
[    0.000000] Built 1 zonelists, mobility grouping on.  Total pages: 128889
[    0.000000] Policy zone: DMA32
[    0.000000] Kernel command line: BOOT_IMAGE=/boot/vmlinuz-4.15.0-72-generic root=LABEL=cloudimg-rootfs ro console=tty1 console=ttyS0
[    0.000000] Memory: 467304K/523832K available (12300K kernel code, 2481K rwdata, 4264K rodata, 2428K init, 2388K bss, 56528K reserved, 0K cma-reserved)
[    0.000000] SLUB: HWalign=64, Order=0-3, MinObjects=0, CPUs=2, Nodes=1
[    0.000000] ftrace: allocating 39318 entries in 154 pages
[    0.004000] Hierarchical RCU implementation.
[    0.004000] 	RCU restricting CPUs from NR_CPUS=8192 to nr_cpu_ids=2.
[    0.004000] 	Tasks RCU enabled.
[    0.004000] RCU: Adjusting geometry for rcu_fanout_leaf=16, nr_cpu_ids=2
[    0.004000] NR_IRQS: 524544, nr_irqs: 440, preallocated irqs: 16
[    0.004000] Console: colour VGA+ 80x25
[    0.004000] console [tty1] enabled
[    0.004000] console [ttyS0] enabled
[    0.004000] ACPI: Core revision 20170831
[    0.004000] ACPI: 2 ACPI AML tables successfully acquired and loaded
[    0.004000] APIC: Switch to symmetric I/O mode setup
[    0.004000] x2apic enabled
[    0.004000] Switched APIC routing to physical x2apic.
[    0.004000] ..TIMER: vector=0x30 apic1=0 pin1=2 apic2=-1 pin2=-1
[    0.004000] tsc: Detected 2195.874 MHz processor
[    0.004000] Calibrating delay loop (skipped) preset value.. 4391.74 BogoMIPS (lpj=8783496)
[    0.004000] pid_max: default: 32768 minimum: 301
[    0.004000] Security Framework initialized
[    0.004000] Yama: becoming mindful.
[    0.004000] AppArmor: AppArmor initialized
[    0.004000] Dentry cache hash table entries: 65536 (order: 7, 524288 bytes)
[    0.004000] Inode-cache hash table entries: 32768 (order: 6, 262144 bytes)
[    0.004000] Mount-cache hash table entries: 1024 (order: 1, 8192 bytes)
[    0.004000] Mountpoint-cache hash table entries: 1024 (order: 1, 8192 bytes)
[    0.004000] Last level iTLB entries: 4KB 1024, 2MB 1024, 4MB 512
[    0.004000] Last level dTLB entries: 4KB 1536, 2MB 1536, 4MB 768, 1GB 0
[    0.004000] Spectre V1 : Mitigation: usercopy/swapgs barriers and __user pointer sanitization
[    0.004000] Spectre V2 : Spectre mitigation: LFENCE not serializing, switching to generic retpoline
[    0.004000] Spectre V2 : Mitigation: Full generic retpoline
[    0.004000] Spectre V2 : Spectre v2 / SpectreRSB mitigation: Filling RSB on context switch
[    0.004000] Speculative Store Bypass: Mitigation: Speculative Store Bypass disabled via prctl and seccomp
[    0.004000] Freeing SMP alternatives memory: 36K
[    0.128035] APIC calibration not consistent with PM-Timer: 117ms instead of 100ms
[    0.129948] APIC delta adjusted to PM-Timer: 6392628 (7500428)
[    0.132127] smpboot: CPU0: AMD Ryzen 7 2700U with Radeon Vega Mobile Gfx (family: 0x17, model: 0x11, stepping: 0x0)
[    0.134200] Performance Events: PMU not available due to virtualization, using software events only.
[    0.135313] Hierarchical SRCU implementation.
[    0.140091] NMI watchdog: Perf event create on CPU 0 failed with -2
[    0.141089] NMI watchdog: Perf NMI watchdog permanently disabled
[    0.142081] smp: Bringing up secondary CPUs ...
[    0.142935] x86: Booting SMP configuration:
[    0.143469] .... node  #0, CPUs:      #1
[    0.004000] kvm-clock: cpu 1, msr 0:1ff44041, secondary cpu clock
[    0.148124] smp: Brought up 1 node, 2 CPUs
[    0.148692] smpboot: Max logical packages: 1
[    0.149301] smpboot: Total of 2 processors activated (8783.49 BogoMIPS)
[    0.150453] devtmpfs: initialized
[    0.152012] x86/mm: Memory block size: 128MB
[    0.152807] evm: security.selinux
[    0.153335] evm: security.SMACK64
[    0.153902] evm: security.SMACK64EXEC
[    0.154506] evm: security.SMACK64TRANSMUTE
[    0.155068] evm: security.SMACK64MMAP
[    0.155558] evm: security.apparmor
[    0.156000] evm: security.ima
[    0.156003] evm: security.capability
[    0.156568] clocksource: jiffies: mask: 0xffffffff max_cycles: 0xffffffff, max_idle_ns: 7645041785100000 ns
[    0.158081] futex hash table entries: 512 (order: 3, 32768 bytes)
[    0.160018] pinctrl core: initialized pinctrl subsystem
[    0.160356] RTC time:  1:48:01, date: 12/10/19
[    0.161873] NET: Registered protocol family 16
[    0.164170] audit: initializing netlink subsys (disabled)
[    0.165005] audit: type=2000 audit(1575942486.831:1): state=initialized audit_enabled=0 res=1
[    0.165634] cpuidle: using governor ladder
[    0.168059] cpuidle: using governor menu
[    0.169345] ACPI: bus type PCI registered
[    0.169345] acpiphp: ACPI Hot Plug PCI Controller Driver version: 0.5
[    0.170310] PCI: Using configuration type 1 for base access
[    0.172004] PCI: Using configuration type 1 for extended access
[    0.173681] HugeTLB registered 2.00 MiB page size, pre-allocated 0 pages
[    0.180345] ACPI: Added _OSI(Module Device)
[    0.181319] ACPI: Added _OSI(Processor Device)
[    0.182144] ACPI: Added _OSI(3.0 _SCP Extensions)
[    0.184032] ACPI: Added _OSI(Processor Aggregator Device)
[    0.184795] ACPI: Added _OSI(Linux-Dell-Video)
[    0.185416] ACPI: Added _OSI(Linux-Lenovo-NV-HDMI-Audio)
[    0.186147] ACPI: Added _OSI(Linux-HPI-Hybrid-Graphics)
[    0.187007] ACPI: Executed 1 blocks of module-level executable AML code
[    0.192971] ACPI: Interpreter enabled
[    0.194173] ACPI: (supports S0 S5)
[    0.195051] ACPI: Using IOAPIC for interrupt routing
[    0.196431] PCI: Using host bridge windows from ACPI; if necessary, use "pci=nocrs" and report a bug
[    0.198529] ACPI: Enabled 2 GPEs in block 00 to 07
[    0.204862] ACPI: PCI Root Bridge [PCI0] (domain 0000 [bus 00-ff])
[    0.205496] acpi PNP0A03:00: _OSC: OS supports [ExtendedConfig ASPM ClockPM Segments MSI]
[    0.207384] acpi PNP0A03:00: _OSC: platform does not support [PCIeCapability]
[    0.208611] acpi PNP0A03:00: _OSC: not requesting control; platform does not support [PCIeCapability]
[    0.210245] acpi PNP0A03:00: _OSC: OS requested [PCIeHotplug PME AER PCIeCapability]
[    0.211401] acpi PNP0A03:00: _OSC: platform willing to grant [PCIeHotplug PME AER]
[    0.212026] acpi PNP0A03:00: _OSC failed (AE_SUPPORT); disabling ASPM
[    0.214586] PCI host bridge to bus 0000:00
[    0.215952] pci_bus 0000:00: root bus resource [io  0x0000-0x0cf7 window]
[    0.216000] pci_bus 0000:00: root bus resource [io  0x0d00-0xffff window]
[    0.216000] pci_bus 0000:00: root bus resource [mem 0x000a0000-0x000bffff window]
[    0.216005] pci_bus 0000:00: root bus resource [mem 0x20000000-0xfdffffff window]
[    0.216861] pci_bus 0000:00: root bus resource [bus 00-ff]
[    0.220306] pci 0000:00:01.1: legacy IDE quirk: reg 0x10: [io  0x01f0-0x01f7]
[    0.221249] pci 0000:00:01.1: legacy IDE quirk: reg 0x14: [io  0x03f6]
[    0.222089] pci 0000:00:01.1: legacy IDE quirk: reg 0x18: [io  0x0170-0x0177]
[    0.223161] pci 0000:00:01.1: legacy IDE quirk: reg 0x1c: [io  0x0376]
[    0.262410] pci 0000:00:07.0: quirk: [io  0x4000-0x403f] claimed by PIIX4 ACPI
[    0.264052] pci 0000:00:07.0: quirk: [io  0x4100-0x410f] claimed by PIIX4 SMB
[    0.283282] ACPI: PCI Interrupt Link [LNKA] (IRQs 5 9 10 *11)
[    0.284439] ACPI: PCI Interrupt Link [LNKB] (IRQs 5 9 *10 11)
[    0.285393] ACPI: PCI Interrupt Link [LNKC] (IRQs 5 *9 10 11)
[    0.286303] ACPI: PCI Interrupt Link [LNKD] (IRQs 5 9 10 *11)
[    0.288704] SCSI subsystem initialized
[    0.290141] pci 0000:00:02.0: vgaarb: setting as boot VGA device
[    0.290141] pci 0000:00:02.0: vgaarb: VGA device added: decodes=io+mem,owns=io+mem,locks=none
[    0.292040] pci 0000:00:02.0: vgaarb: bridge control possible
[    0.296008] vgaarb: loaded
[    0.296797] ACPI: bus type USB registered
[    0.297558] usbcore: registered new interface driver usbfs
[    0.298472] usbcore: registered new interface driver hub
[    0.300020] usbcore: registered new device driver usb
[    0.301003] EDAC MC: Ver: 3.0.0
[    0.301003] PCI: Using ACPI for IRQ routing
[    0.301080] NetLabel: Initializing
[    0.301614] NetLabel:  domain hash size = 128
[    0.304005] NetLabel:  protocols = UNLABELED CIPSOv4 CALIPSO
[    0.304788] NetLabel:  unlabeled traffic allowed by default
[    0.305560] clocksource: Switched to clocksource kvm-clock
[    0.342352] VFS: Disk quotas dquot_6.6.0
[    0.343336] VFS: Dquot-cache hash table entries: 512 (order 0, 4096 bytes)
[    0.344748] AppArmor: AppArmor Filesystem Enabled
[    0.345374] pnp: PnP ACPI init
[    0.346088] pnp: PnP ACPI: found 3 devices
[    0.356696] clocksource: acpi_pm: mask: 0xffffff max_cycles: 0xffffff, max_idle_ns: 2085701024 ns
[    0.359494] NET: Registered protocol family 2
[    0.360848] TCP established hash table entries: 4096 (order: 3, 32768 bytes)
[    0.361823] TCP bind hash table entries: 4096 (order: 4, 65536 bytes)
[    0.362584] TCP: Hash tables configured (established 4096 bind 4096)
[    0.363393] UDP hash table entries: 256 (order: 1, 8192 bytes)
[    0.364158] UDP-Lite hash table entries: 256 (order: 1, 8192 bytes)
[    0.365075] NET: Registered protocol family 1
[    0.365630] pci 0000:00:00.0: Limiting direct PCI/PCI transfers
[    0.366378] pci 0000:00:01.0: Activating ISA DMA hang workarounds
[    0.367128] pci 0000:00:02.0: Video device with shadowed ROM at [mem 0x000c0000-0x000dffff]
[    0.368146] Unpacking initramfs...
[    0.729120] Freeing initrd memory: 19196K
[    0.729867] clocksource: tsc: mask: 0xffffffffffffffff max_cycles: 0x1fa6f9655b2, max_idle_ns: 440795314254 ns
[    0.731347] platform rtc_cmos: registered platform RTC device (no PNP device found)
[    0.732476] Scanning for low memory corruption every 60 seconds
[    0.734159] Initialise system trusted keyrings
[    0.734882] Key type blacklist registered
[    0.735658] workingset: timestamp_bits=36 max_order=17 bucket_order=0
[    0.739313] zbud: loaded
[    0.741539] squashfs: version 4.0 (2009/01/31) Phillip Lougher
[    0.743204] fuse init (API version 7.26)
[    0.750298] Key type asymmetric registered
[    0.751286] Asymmetric key parser 'x509' registered
[    0.752667] Block layer SCSI generic (bsg) driver version 0.4 loaded (major 246)
[    0.754929] io scheduler noop registered
[    0.756015] io scheduler deadline registered
[    0.757452] io scheduler cfq registered (default)
[    0.759720] ACPI: AC Adapter [AC] (on-line)
[    0.761035] input: Power Button as /devices/LNXSYSTM:00/LNXPWRBN:00/input/input0
[    0.762784] ACPI: Power Button [PWRF]
[    0.763666] input: Sleep Button as /devices/LNXSYSTM:00/LNXSLPBN:00/input/input1
[    0.765277] ACPI: Sleep Button [SLPF]
[    0.766696] Serial: 8250/16550 driver, 32 ports, IRQ sharing enabled
[    0.767780] ACPI: Battery Slot [BAT0] (battery present)
[    0.789510] 00:02: ttyS0 at I/O 0x3f8 (irq = 4, base_baud = 115200) is a 16550A
[    0.795804] Linux agpgart interface v0.103
[    0.799702] loop: module loaded
[    0.801260] scsi host0: ata_piix
[    0.802489] scsi host1: ata_piix
[    0.803214] ata1: PATA max UDMA/33 cmd 0x1f0 ctl 0x3f6 bmdma 0xd000 irq 14
[    0.805401] ata2: PATA max UDMA/33 cmd 0x170 ctl 0x376 bmdma 0xd008 irq 15
[    0.807573] libphy: Fixed MDIO Bus: probed
[    0.809251] tun: Universal TUN/TAP device driver, 1.6
[    0.811491] PPP generic driver version 2.4.2
[    0.812699] ehci_hcd: USB 2.0 'Enhanced' Host Controller (EHCI) Driver
[    0.813741] ehci-pci: EHCI PCI platform driver
[    0.814707] ehci-platform: EHCI generic platform driver
[    0.815349] ohci_hcd: USB 1.1 'Open' Host Controller (OHCI) Driver
[    0.816286] ohci-pci: OHCI PCI platform driver
[    0.816983] ohci-platform: OHCI generic platform driver
[    0.817675] uhci_hcd: USB Universal Host Controller Interface driver
[    0.818664] i8042: PNP: PS/2 Controller [PNP0303:PS2K,PNP0f03:PS2M] at 0x60,0x64 irq 1,12
[    0.820495] serio: i8042 KBD port at 0x60,0x64 irq 1
[    0.822480] serio: i8042 AUX port at 0x60,0x64 irq 12
[    0.823880] mousedev: PS/2 mouse device common for all mice
[    0.825986] input: AT Translated Set 2 keyboard as /devices/platform/i8042/serio0/input/input2
[    0.828324] rtc_cmos rtc_cmos: rtc core: registered rtc_cmos as rtc0
[    0.829249] rtc_cmos rtc_cmos: alarms up to one day, 114 bytes nvram
[    0.830105] i2c /dev entries driver
[    0.830773] device-mapper: uevent: version 1.0.3
[    0.831666] device-mapper: ioctl: 4.37.0-ioctl (2017-09-20) initialised: dm-devel@redhat.com
[    0.832971] ledtrig-cpu: registered to indicate activity on CPUs
[    0.834999] NET: Registered protocol family 10
[    0.844262] Segment Routing with IPv6
[    0.845170] NET: Registered protocol family 17
[    0.846283] Key type dns_resolver registered
[    0.847628] mce: Using 0 MCE banks
[    0.848435] RAS: Correctable Errors collector initialized.
[    0.849467] sched_clock: Marking stable (848315116, 0)->(985568492, -137253376)
[    0.851258] registered taskstats version 1
[    0.851896] Loading compiled-in X.509 certificates
[    0.858567] Loaded X.509 cert 'Build time autogenerated kernel key: f4f7241365689b0cbe3898188e65e316fd8f978d'
[    0.860491] zswap: loaded using pool lzo/zbud
[    0.867690] Key type big_key registered
[    0.868485] Key type trusted registered
[    0.875089] Key type encrypted registered
[    0.875873] AppArmor: AppArmor sha1 policy hashing enabled
[    0.876742] ima: No TPM chip found, activating TPM-bypass! (rc=-19)
[    0.877674] ima: Allocated hash algorithm: sha1
[    0.878366] evm: HMAC attrs: 0x1
[    0.879153]   Magic number: 15:677:811
[    0.879743] rtc_cmos rtc_cmos: setting system clock to 2019-12-10 01:48:02 UTC (1575942482)
[    0.880885] BIOS EDD facility v0.16 2004-Jun-25, 0 devices found
[    0.881585] EDD information not available.
[    0.969499] Freeing unused kernel image memory: 2428K
[    0.980258] Write protecting the kernel read-only data: 20480k
[    0.982494] Freeing unused kernel image memory: 2008K
[    0.983997] Freeing unused kernel image memory: 1880K
[    0.996371] x86/mm: Checked W+X mappings: passed, no W+X pages found.
Loading, please wait...
starting version 237
[    1.116445] e1000: Intel(R) PRO/1000 Network Driver - version 7.3.21-k8-NAPI
[    1.117435] e1000: Copyright (c) 1999-2006 Intel Corporation.
[    1.119969] Fusion MPT base driver 3.04.20
[    1.120897] Copyright (c) 1999-2008 LSI Corporation
[    1.128564] Fusion MPT SPI Host driver 3.04.20
[    1.151983] AVX2 version of gcm_enc/dec engaged.
[    1.153001] AES CTR mode by8 optimization enabled
[    1.338883] input: ImExPS/2 Generic Explorer Mouse as /devices/platform/i8042/serio1/input/input4
[    1.502015] e1000 0000:00:03.0 eth0: (PCI:33MHz:32-bit) 02:4f:96:30:ef:2c
[    1.502767] e1000 0000:00:03.0 eth0: Intel(R) PRO/1000 Network Connection
[    1.864623] e1000 0000:00:08.0 eth1: (PCI:33MHz:32-bit) 08:00:27:1b:d1:b5
[    1.865448] e1000 0000:00:08.0 eth1: Intel(R) PRO/1000 Network Connection
[    1.867349] mptbase: ioc0: Initiating bringup
[    1.960537] ioc0: LSI53C1030 A0: Capabilities={Initiator}
[    2.201377] scsi host2: ioc0: LSI53C1030 A0, FwRev=00000000h, Ports=1, MaxQ=256, IRQ=20
[    2.441476] scsi 2:0:0:0: Direct-Access     VBOX     HARDDISK         1.0  PQ: 0 ANSI: 5
[    2.472703] scsi target2:0:0: Beginning Domain Validation
[    2.477064] scsi target2:0:0: Domain Validation skipping write tests
[    2.478032] scsi target2:0:0: Ending Domain Validation
[    2.478769] scsi target2:0:0: asynchronous
[    2.480063] scsi 2:0:1:0: Direct-Access     VBOX     HARDDISK         1.0  PQ: 0 ANSI: 5
[    2.760193] scsi target2:0:1: Beginning Domain Validation
[    2.761995] random: fast init done
[    2.762738] scsi target2:0:1: Domain Validation skipping write tests
[    2.763557] scsi target2:0:1: Ending Domain Validation
[    2.764280] scsi target2:0:1: asynchronous
[    2.768070] random: systemd-udevd: uninitialized urandom read (16 bytes read)
[    2.771930] random: systemd-udevd: uninitialized urandom read (16 bytes read)
[    2.773948] random: systemd-udevd: uninitialized urandom read (16 bytes read)
[    2.774082] sd 2:0:0:0: Attached scsi generic sg0 type 0
[    2.776246] sd 2:0:0:0: [sda] 20971520 512-byte logical blocks: (10.7 GB/10.0 GiB)
[    2.776659] sd 2:0:1:0: [sdb] 20480 512-byte logical blocks: (10.5 MB/10.0 MiB)
[    2.779568] sd 2:0:0:0: [sda] Write Protect is off
[    2.779596] sd 2:0:1:0: [sdb] Write Protect is off
[    2.781072] sd 2:0:0:0: [sda] Incomplete mode parameter data
[    2.781082] sd 2:0:1:0: Attached scsi generic sg1 type 0
[    2.782297] sd 2:0:0:0: [sda] Assuming drive cache: write through
[    2.783257] sd 2:0:1:0: [sdb] Incomplete mode parameter data
[    2.784772] sd 2:0:1:0: [sdb] Assuming drive cache: write through
[    2.794702]  sda: sda1
[    2.797146] sd 2:0:0:0: [sda] Attached SCSI disk
[    2.798724] sd 2:0:1:0: [sdb] Attached SCSI disk
[    2.807838] e1000 0000:00:09.0 eth2: (PCI:33MHz:32-bit) 08:00:27:2f:13:ce
[    2.808998] e1000 0000:00:09.0 eth2: Intel(R) PRO/1000 Network Connection
[    2.812677] e1000 0000:00:03.0 enp0s3: renamed from eth0
[    2.833012] e1000 0000:00:08.0 enp0s8: renamed from eth1
[    2.849393] e1000 0000:00:09.0 enp0s9: renamed from eth2
Begin: Loading essential drivers ... [    4.472305] raid6: sse2x1   gen()  6500 MB/s
[    4.520340] raid6: sse2x1   xor()  4370 MB/s
[    4.568316] raid6: sse2x2   gen() 11222 MB/s
[    4.616151] raid6: sse2x2   xor()  7240 MB/s
[    4.664268] raid6: sse2x4   gen() 10922 MB/s
[    4.712257] raid6: sse2x4   xor()  5314 MB/s
[    4.761427] raid6: avx2x1   gen() 10967 MB/s
[    4.808151] raid6: avx2x1   xor()  7426 MB/s
[    4.856168] raid6: avx2x2   gen() 12545 MB/s
[    4.904265] raid6: avx2x2   xor()  9618 MB/s
[    4.952703] raid6: avx2x4   gen() 16400 MB/s
[    5.000059] raid6: avx2x4   xor()  9335 MB/s
[    5.000997] raid6: using algorithm avx2x4 gen() 16400 MB/s
[    5.002075] raid6: .... xor() 9335 MB/s, rmw enabled
[    5.002730] raid6: using avx2x2 recovery algorithm
[    5.006264] xor: automatically using best checksumming function   avx       
[    5.009485] async_tx: api initialized (async)
done.
Begin: Running /scripts/init-premount ... done.
Begin: Mounting root file system ... Begin: Running /scripts/local-top ... done.
Begin: Running /scripts/local-premount ... [    5.083735] Btrfs loaded, crc32c=crc32c-intel
Scanning for Btrfs filesystems
done.
Warning: fsck not present, so skipping root file system
[    5.141501] EXT4-fs (sda1): mounted filesystem with ordered data mode. Opts: (null)
done.
Begin: Running /scripts/local-bottom ... done.
Begin: Running /scripts/init-bottom ... done.
[    5.346167] ip_tables: (C) 2000-2006 Netfilter Core Team
[    5.362974] systemd[1]: systemd 237 running in system mode. (+PAM +AUDIT +SELINUX +IMA +APPARMOR +SMACK +SYSVINIT +UTMP +LIBCRYPTSETUP +GCRYPT +GNUTLS +ACL +XZ +LZ4 +SECCOMP +BLKID +ELFUTILS +KMOD -IDN2 +IDN -PCRE2 default-hierarchy=hybrid)
[    5.368499] systemd[1]: Detected virtualization oracle.
[    5.369336] systemd[1]: Detected architecture x86-64.

Welcome to [1mUbuntu 18.04.3 LTS[0m!

[    5.378917] systemd[1]: Set hostname to <ubuntu>.
[    5.385312] systemd[1]: Initializing machine ID from random generator.
[    5.386397] systemd[1]: Installed transient /etc/machine-id file.
[    5.668154] systemd[1]: Reached target Swap.
[[0;32m  OK  [0m] Reached target Swap.
[    5.669473] systemd[1]: Reached target System Time Synchronized.
[[0;32m  OK  [0m] Reached target System Time Synchronized.
[    5.672291] systemd[1]: Created slice System Slice.
[[0;32m  OK  [0m] Created slice System Slice.
[    5.673655] systemd[1]: Listening on /dev/initctl Compatibility Named Pipe.
[[0;32m  OK  [0m] Listening on /dev/initctl Compatibility Named Pipe.
[[0;32m  OK  [0m] Listening on LVM2 metadata daemon socket.
[[0;32m  OK  [0m] Created slice system-serial\x2dgetty.slice.
[[0;32m  OK  [0m] Listening on Journal Socket (/dev/log).
[[0;32m  OK  [0m] Created slice User and Session Slice.
[[0;32m  OK  [0m] Reached target User and Group Name Lookups.
[[0;32m  OK  [0m] Listening on Journal Audit Socket.
[[0;32m  OK  [0m] Listening on LVM2 poll daemon socket.
[[0;32m  OK  [0m] Listening on Syslog Socket.
[[0;32m  OK  [0m] Listening on Journal Socket.
         Starting Load Kernel Modules...
         Mounting Kernel Debug File System...
         Mounting Huge Pages File System...
         Starting Remount Root and Kernel File Systems...
         Starting Uncomplicated firewall...
         Starting Journal Service...
[[0;32m  OK  [0m] Started Forward Password Requests to Wall Directory Watch.
         Starting Set the console keyboard layout...
[[0;32m  OK  [0m] Reached target Slices.
[[0;32m  OK  [0m] Listening on Network Service Netlink Socket.
         Starting Create list of required stâ€¦ce nodes for the current kernel...
[[0;32m  OK  [0m] Listening on Device-mapper event daemon FIFOs.
         Starting Monitoring of LVM2 mirrorsâ€¦ng dmeventd or progress polling...
[[0;32m  OK  [0m] Listening on udev Kernel Socket.
         Mounting POSIX Message Queue File System...
[[0;32m  OK  [0m] Listening on udev Control Socket.
         Starting udev Coldplug all Devices...
[[0;32m  OK  [0m] Set up automount Arbitrary Executabâ€¦rmats File System Automount Point.
[    5.721801] Loading iSCSI transport class v2.0-870.
[[0;32m  OK  [0m] Started Uncomplicated firewall.
[[0;32m  OK  [0m] Started Create list of required staâ€¦vice nodes for the current kernel.
[[0;32m  OK  [0m] Started LVM2 metadata daemon.
         Starting Create Static Device Nodes in /dev...
[[0;32m  OK  [0m] Mounted Kernel Debug File System.
[    5.815399] iscsi: registered transport (tcp)
[[0;32m  OK  [0m] Mounted Huge Pages File System.
[[0;32m  OK  [0m] Mounted POSIX Message Queue File System.
[    5.869268] EXT4-fs (sda1): re-mounted. Opts: (null)
[[0;32m  OK  [0m] Started Remount Root and Kernel File Systems.
[[0;32m  OK  [0m] Started Journal Service.
[[0;32m  OK  [0m] Started udev Coldplug all Devices.
         Starting Load/Save Random Seed...
[    5.901538] iscsi: registered transport (iser)
         Starting Flush Journal to Persistent Storage...
[[0;32m  OK  [0m] Started Load Kernel Modules.
[[0;32m  OK  [0m] Started Monitoring of LVM2 mirrors,â€¦sing dmeventd or progress polling.
[[0;32m  OK  [0m] Started Create Static Device Nodes in /dev.
[[0;32m  OK  [0m] Started Load/Save Random Seed.
         Starting udev Kernel Device Manager...
         Starting Apply Kernel Variables...
         Mounting FUSE Control File System...
         Mounting Kernel Configuration File System...
[[0;32m  OK  [0m] Mounted FUSE Control File System.
[    5.981967] systemd-journald[390]: Received request to flush runtime journal from PID 1
[[0;32m  OK  [0m] Mounted Kernel Configuration File System.
[[0;32m  OK  [0m] Started udev Kernel Device Manager.
[[0;32m  OK  [0m] Started Apply Kernel Variables.
[[0;32m  OK  [0m] Started Flush Journal to Persistent Storage.
[[0;32m  OK  [0m] Found device /dev/ttyS0.
[[0;32m  OK  [0m] Listening on Load/Save RF Kill Switch Status /dev/rfkill Watch.
[[0;32m  OK  [0m] Started Set the console keyboard layout.
[[0;32m  OK  [0m] Reached target Local File Systems (Pre).
[[0;32m  OK  [0m] Reached target Local File Systems.
         Starting Create Volatile Files and Directories...
         Starting Tell Plymouth To Write Out Runtime Data...
         Starting Commit a transient machine-id on disk...
         Starting ebtables ruleset management...
         Starting AppArmor initialization...
         Starting Set console font and keymap...
[[0;32m  OK  [0m] Started Dispatch Password Requests to Console Directory Watch.
[[0;32m  OK  [0m] Reached target Local Encrypted Volumes.
[[0;32m  OK  [0m] Started Tell Plymouth To Write Out Runtime Data.
[[0;32m  OK  [0m] Started Create Volatile Files and Directories.
         Starting Update UTMP about System Boot/Shutdown...
[[0;32m  OK  [0m] Started Set console font and keymap.
[[0;32m  OK  [0m] Started Update UTMP about System Boot/Shutdown.
[[0;32m  OK  [0m] Started Commit a transient machine-id on disk.
[[0;32m  OK  [0m] Started ebtables ruleset management.
[[0;32m  OK  [0m] Started AppArmor initialization.
         Starting Initial cloud-init job (pre-networking)...
[    8.974078] cloud-init[593]: Cloud-init v. 19.2-36-g059d049c-0ubuntu2~18.04.1 running 'init-local' at Tue, 10 Dec 2019 01:48:10 +0000. Up 8.51 seconds.
[[0;32m  OK  [0m] Started Initial cloud-init job (pre-networking).
[[0;32m  OK  [0m] Reached target Network (Pre).
         Starting Network Service...
[[0;32m  OK  [0m] Started Network Service.
         Starting Network Name Resolution...
         Starting Wait for Network to be Configured...
[[0;32m  OK  [0m] Started Network Name Resolution.
[[0;32m  OK  [0m] Reached target Network.
[[0;32m  OK  [0m] Reached target Host and Network Name Lookups.
[[0;32m  OK  [0m] Started Wait for Network to be Configured.
         Starting Initial cloud-init job (metadata service crawler)...
[   10.954462] cloud-init[704]: Cloud-init v. 19.2-36-g059d049c-0ubuntu2~18.04.1 running 'init' at Tue, 10 Dec 2019 01:48:12 +0000. Up 10.74 seconds.
[   10.955693] cloud-init[704]: ci-info: ++++++++++++++++++++++++++++++++++++++Net device info+++++++++++++++++++++++++++++++++++++++
[   10.956782] cloud-init[704]: ci-info: +--------+-------+----------------------------+---------------+--------+-------------------+
[   10.957793] cloud-init[704]: ci-info: | Device |   Up  |          Address           |      Mask     | Scope  |     Hw-Address    |
[   10.958848] cloud-init[704]: ci-info: +--------+-------+----------------------------+---------------+--------+-------------------+
[   10.959850] cloud-init[704]: ci-info: | enp0s3 |  True |         10.0.2.15          | 255.255.255.0 | global | 02:4f:96:30:ef:2c |
[   10.960997] cloud-init[704]: ci-info: | enp0s3 |  True | fe80::4f:96ff:fe30:ef2c/64 |       .       |  link  | 02:4f:96:30:ef:2c |
[   10.962189] cloud-init[704]: ci-info: | enp0s8 | False |             .              |       .       |   .    | 08:00:27:1b:d1:b5 |
[   10.963314] cloud-init[704]: ci-info: | enp0s9 | False |             .              |       .       |   .    | 08:00:27:2f:13:ce |
[   10.964439] cloud-init[704]: ci-info: |   lo   |  True |         127.0.0.1          |   255.0.0.0   |  host  |         .         |
[   10.965530] cloud-init[704]: ci-info: |   lo   |  True |          ::1/128           |       .       |  host  |         .         |
[   10.966724] cloud-init[704]: ci-info: +--------+-------+----------------------------+---------------+--------+-------------------+
[   10.967612] cloud-init[704]: ci-info: ++++++++++++++++++++++++++++Route IPv4 info+++++++++++++++++++++++++++++
[   10.969794] cloud-init[704]: ci-info: +-------+-------------+----------+-----------------+-----------+-------+
[   10.970811] cloud-init[704]: ci-info: | Route | Destination | Gateway  |     Genmask     | Interface | Flags |
[   10.971650] cloud-init[704]: ci-info: +-------+-------------+----------+-----------------+-----------+-------+
[   10.972563] cloud-init[704]: ci-info: |   0   |   0.0.0.0   | 10.0.2.2 |     0.0.0.0     |   enp0s3  |   UG  |
[   10.973458] cloud-init[704]: ci-info: |   1   |   10.0.2.0  | 0.0.0.0  |  255.255.255.0  |   enp0s3  |   U   |
[   10.985898] cloud-init[704]: ci-info: |   2   |   10.0.2.2  | 0.0.0.0  | 255.255.255.255 |   enp0s3  |   UH  |
[   10.987048] cloud-init[704]: ci-info: +-------+-------------+----------+-----------------+-----------+-------+
[   10.988391] cloud-init[704]: ci-info: +++++++++++++++++++Route IPv6 info+++++++++++++++++++
[   10.989276] cloud-init[704]: ci-info: +-------+-------------+---------+-----------+-------+
[   11.000480] cloud-init[704]: ci-info: | Route | Destination | Gateway | Interface | Flags |
[   11.001646] cloud-init[704]: ci-info: +-------+-------------+---------+-----------+-------+
[   11.002730] cloud-init[704]: ci-info: |   1   |  fe80::/64  |    ::   |   enp0s3  |   U   |
[   11.003711] cloud-init[704]: ci-info: |   3   |    local    |    ::   |   enp0s3  |   U   |
[   11.004733] cloud-init[704]: ci-info: |   4   |   ff00::/8  |    ::   |   enp0s3  |   U   |
[   11.005549] cloud-init[704]: ci-info: +-------+-------------+---------+-----------+-------+
[   11.883482] cloud-init[704]: Generating public/private rsa key pair.
[   11.884018] cloud-init[704]: Your identification has been saved in /etc/ssh/ssh_host_rsa_key.
[   11.884785] cloud-init[704]: Your public key has been saved in /etc/ssh/ssh_host_rsa_key.pub.
[   11.885409] cloud-init[704]: The key fingerprint is:
[   11.885874] cloud-init[704]: SHA256:Fu8ty3aHn8M1FoPlRIH3u3XoESEcbwGk5DNyhi+okss root@ubuntu-bionic
[   11.886514] cloud-init[704]: The key's randomart image is:
[   11.886902] cloud-init[704]: +---[RSA 2048]----+
[   11.887288] cloud-init[704]: |          .o+o+o.|
[   11.887669] cloud-init[704]: |         + .oo.= |
[   11.888133] cloud-init[704]: |        + B  .O..|
[   11.888629] cloud-init[704]: |       . B o o.+.|
[   11.889012] cloud-init[704]: |      . S o    o+|
[   11.889400] cloud-init[704]: |   . . . o .  o++|
[   11.889830] cloud-init[704]: |  o .     o .+.o=|
[   11.890245] cloud-init[704]: | . o     ..oo =o |
[   11.890609] cloud-init[704]: |  E      .o. oo. |
[   11.890995] cloud-init[704]: +----[SHA256]-----+
[   11.891366] cloud-init[704]: Generating public/private dsa key pair.
[   11.891984] cloud-init[704]: Your identification has been saved in /etc/ssh/ssh_host_dsa_key.
[   11.892599] cloud-init[704]: Your public key has been saved in /etc/ssh/ssh_host_dsa_key.pub.
[   11.893109] cloud-init[704]: The key fingerprint is:
[   11.893490] cloud-init[704]: SHA256:jP/FzNBEOWUpbLzD0qcpW0fKGBHRgmMxHN8lNz6UpN8 root@ubuntu-bionic
[   11.894089] cloud-init[704]: The key's randomart image is:
[   11.894412] cloud-init[704]: +---[DSA 1024]----+
[   11.894755] cloud-init[704]: |       .++o*o+Oo |
[   11.895106] cloud-init[704]: |        =oooOOo. |
[   11.895453] cloud-init[704]: |       . ..*++o  |
[   11.895851] cloud-init[704]: |       o  oo=.oo |
[   11.896293] cloud-init[704]: |      . S .=.B. E|
[   11.896619] cloud-init[704]: |       .  o=* .  |
[   11.896944] cloud-init[704]: |        .  +=.   |
[   11.897326] cloud-init[704]: |         ...     |
[   11.897597] cloud-init[704]: |          .      |
[   11.898086] cloud-init[704]: +----[SHA256]-----+
[   11.898467] cloud-init[704]: Generating public/private ecdsa key pair.
[   11.898801] cloud-init[704]: Your identification has been saved in /etc/ssh/ssh_host_ecdsa_key.
[   11.899314] cloud-init[704]: Your public key has been saved in /etc/ssh/ssh_host_ecdsa_key.pub.
[   11.899891] cloud-init[704]: The key fingerprint is:
[   11.900327] cloud-init[704]: SHA256:glgSFb/pbOxMkTUjHsAYcG9wp4JOOExUsCR9gG3e8Sc root@ubuntu-bionic
[   11.912464] cloud-init[704]: The key's randomart image is:
[   11.912920] cloud-init[704]: +---[ECDSA 256]---+
[   11.913441] cloud-init[704]: |+XOB=..          |
[   11.913894] cloud-init[704]: |Bo*=+=           |
[   11.914288] cloud-init[704]: |+*oo=o+ +        |
[   11.914773] cloud-init[704]: |o..*.oEB.o       |
[   11.915225] cloud-init[704]: | .. . BoS        |
[   11.915648] cloud-init[704]: |     + o         |
[   11.916034] cloud-init[704]: |      *          |
[   11.916467] cloud-init[704]: |     =           |
[   11.916809] cloud-init[704]: |      o          |
[   11.917185] cloud-init[704]: +----[SHA256]-----+
[   11.917622] cloud-init[704]: Generating public/private ed25519 key pair.
[   11.928517] cloud-init[704]: Your identification has been saved in /etc/ssh/ssh_host_ed25519_key.
[   11.930531] cloud-init[704]: Your public key has been saved in /etc/ssh/ssh_host_ed25519_key.pub.
[   11.931958] cloud-init[704]: The key fingerprint is:
[   11.932749] cloud-init[704]: SHA256:gqGyDT/k4LK5S0DQeLqr8hysC+KB0EMGxJkkyUdvRfo root@ubuntu-bionic
[   11.933736] cloud-init[704]: The key's randomart image is:
[   11.934288] cloud-init[704]: +--[ED25519 256]--+
[   11.934961] cloud-init[704]: |O*+.  .o         |
[   11.935632] cloud-init[704]: |=*o.. o          |
[   11.936406] cloud-init[704]: | ++ .+           |
[   11.937062] cloud-init[704]: |o+ ..o.          |
[   11.948480] cloud-init[704]: |*.= . .ES        |
[   11.949490] cloud-init[704]: |*@ .   .         |
[   11.950294] cloud-init[704]: |*=B              |
[   11.951053] cloud-init[704]: |O=.o             |
[   11.951771] cloud-init[704]: |@*o              |
[   11.952492] cloud-init[704]: +----[SHA256]-----+
[[0;32m  OK  [0m] Started Initial cloud-init job (metadata service crawler).
[[0;32m  OK  [0m] Reached target Network is Online.
         Starting Availability of block devices...
[[0;32m  OK  [0m] Reached target Remote File Systems (Pre).
[[0;32m  OK  [0m] Reached target Remote File Systems.
[[0;32m  OK  [0m] Reached target System Initialization.
[[0;32m  OK  [0m] Listening on ACPID Listen Socket.
[[0;32m  OK  [0m] Started Daily apt download activities.
[[0;32m  OK  [0m] Listening on D-Bus System Message Bus Socket.
         Starting Socket activation for snappy daemon.
[[0;32m  OK  [0m] Listening on UUID daemon activation socket.
[[0;32m  OK  [0m] Started Daily Cleanup of Temporary Directories.
[[0;32m  OK  [0m] Started ACPI Events Check.
[[0;32m  OK  [0m] Reached target Paths.
         Starting LXD - unix socket.
[[0;32m  OK  [0m] Started Discard unused blocks once a week.
[[0;32m  OK  [0m] Started Message of the Day.
[[0;32m  OK  [0m] Started Daily apt upgrade and clean activities.
[[0;32m  OK  [0m] Reached target Timers.
[[0;32m  OK  [0m] Listening on Open-iSCSI iscsid Socket.
[[0;32m  OK  [0m] Reached target Cloud-config availability.
[[0;32m  OK  [0m] Started Availability of block devices.
[[0;32m  OK  [0m] Listening on Socket activation for snappy daemon.
[[0;32m  OK  [0m] Listening on LXD - unix socket.
[[0;32m  OK  [0m] Reached target Sockets.
[[0;32m  OK  [0m] Reached target Basic System.
         Starting LSB: automatic crash report generation...
         Starting Virtualbox guest utils...
[[0;32m  OK  [0m] Started irqbalance daemon.
         Starting Login Service...
         Starting Snappy daemon...
         Starting Dispatcher daemon for systemd-networkd...
[[0;32m  OK  [0m] Started FUSE filesystem for LXC.
         Starting Accounts Service...
         Starting System Logging Service...
[[0;32m  OK  [0m] Started Regular background program processing daemon.
[[0;32m  OK  [0m] Started Deferred execution scheduler.
         Starting Pollinate to seed the pseudo random number generator...
         Starting LXD - container startup/shutdown...
[[0;32m  OK  [0m] Started D-Bus System Message Bus.
         Starting Permit User Sessions...
         Starting LSB: Record successful boot for GRUB...
[[0;32m  OK  [0m] Started System Logging Service.
[[0;32m  OK  [0m] Started Login Service.
[[0;32m  OK  [0m] Started Unattended Upgrades Shutdown.
[[0;32m  OK  [0m] Started Permit User Sessions.
         Starting Terminate Plymouth Boot Screen...
         Starting Hold until boot process finishes up...
[[0;32m  OK  [0m] Started Terminate Plymouth Boot Screen.
[[0;32m  OK  [0m] Started Hold until boot process finishes up.
[[0;32m  OK  [0m] Started Serial Getty on ttyS0.
         Starting Set console scheme...
[[0;32m  OK  [0m] Started LSB: automatic crash report generation.
[[0;32m  OK  [0m] Started Set console scheme.
[[0;32m  OK  [0m] Created slice system-getty.slice.
[[0;32m  OK  [0m] Started Getty on tty1.
[[0;32m  OK  [0m] Reached target Login Prompts.
         Starting Authorization Manager...
[[0;32m  OK  [0m] Started Virtualbox guest utils.
[[0;32m  OK  [0m] Started LSB: Record successful boot for GRUB.
[[0;32m  OK  [0m] Started Authorization Manager.
[[0;32m  OK  [0m] Started Accounts Service.
[[0;32m  OK  [0m] Started LXD - container startup/shutdown.
[[0;32m  OK  [0m] Started Dispatcher daemon for systemd-networkd.
[[0;32m  OK  [0m] Started Snappy daemon.
         Starting Wait until snapd is fully seeded...
[[0;32m  OK  [0m] Started Wait until snapd is fully seeded.
         Starting Apply the settings specified in cloud-config...
[   16.290037] cloud-init[1146]: Cloud-init v. 19.2-36-g059d049c-0ubuntu2~18.04.1 running 'modules:config' at Tue, 10 Dec 2019 01:48:17 +0000. Up 15.66 seconds.
[[0;32m  OK  [0m] Started Apply the settings specified in cloud-config.

Ubuntu 18.04.3 LTS ubuntu-bionic ttyS0

ubuntu-bionic login: ci-info: no authorized ssh keys fingerprints found for user ubuntu.
<14>Dec 10 01:48:21 ec2: 
<14>Dec 10 01:48:21 ec2: #############################################################
<14>Dec 10 01:48:21 ec2: -----BEGIN SSH HOST KEY FINGERPRINTS-----
<14>Dec 10 01:48:21 ec2: 1024 SHA256:jP/FzNBEOWUpbLzD0qcpW0fKGBHRgmMxHN8lNz6UpN8 root@ubuntu-bionic (DSA)
<14>Dec 10 01:48:21 ec2: 256 SHA256:glgSFb/pbOxMkTUjHsAYcG9wp4JOOExUsCR9gG3e8Sc root@ubuntu-bionic (ECDSA)
<14>Dec 10 01:48:21 ec2: 256 SHA256:gqGyDT/k4LK5S0DQeLqr8hysC+KB0EMGxJkkyUdvRfo root@ubuntu-bionic (ED25519)
<14>Dec 10 01:48:21 ec2: 2048 SHA256:Fu8ty3aHn8M1FoPlRIH3u3XoESEcbwGk5DNyhi+okss root@ubuntu-bionic (RSA)
<14>Dec 10 01:48:21 ec2: -----END SSH HOST KEY FINGERPRINTS-----
<14>Dec 10 01:48:21 ec2: #############################################################
-----BEGIN SSH HOST KEY KEYS-----
ecdsa-sha2-nistp256 AAAAE2VjZHNhLXNoYTItbmlzdHAyNTYAAAAIbmlzdHAyNTYAAABBBOGg1UhjOPdsoTnisT8/P2XmzI+zdgsVALrDkJ9C2vQeUUZ5MA2EBGdRG76gaM4fBfQPs3xNIHKr/ePkroT+2e8= root@ubuntu-bionic
ssh-ed25519 AAAAC3NzaC1lZDI1NTE5AAAAIAM3gRleOlBEVSCZSUxidxTCfKi7bYSsDqTk4sFWWRLX root@ubuntu-bionic
ssh-rsa AAAAB3NzaC1yc2EAAAADAQABAAABAQDZf8ZaCHNwJMhysCGsMTXxxIO2RGt+lj6db+ZcCCOJWlT8uIlo88Wj9YDwHOq9o8UwKHBj9fm1ecFwF79HPJYIFId8i3UmOhb+fjT4c/sJwEdG7Cm5N2JxjWdJ5Ud+r4obVKVdzO0gewsDGci2Alz6yt8OHBVBWsAWe40XccGld14+U0usbNopMf/P2fQ6RnaWmPcXej1iiezIezjcpUK0cjEP6TRV7QZ77JMk0hKwUW45Th9iLwHVa808Vb1X4x/SEx60CO0muXYdNL8gLt4pmQpG+G15ffrbs1f0+HAbsZenGFsrEDp7QZwCsmZN2o47ZgWEYXBpzE+vL42KEpm3 root@ubuntu-bionic
-----END SSH HOST KEY KEYS-----
[   20.086855] cloud-init[1242]: Cloud-init v. 19.2-36-g059d049c-0ubuntu2~18.04.1 running 'modules:final' at Tue, 10 Dec 2019 01:48:21 +0000. Up 19.83 seconds.
[   20.087867] cloud-init[1242]: ci-info: no authorized ssh keys fingerprints found for user ubuntu.
[   20.088508] cloud-init[1242]: Cloud-init v. 19.2-36-g059d049c-0ubuntu2~18.04.1 finished at Tue, 10 Dec 2019 01:48:21 +0000. Datasource DataSourceNoCloud [seed=/dev/sdb][dsmode=net].  Up 20.06 seconds
