[    0.000000] Linux version 4.15.0-72-generic (buildd@lcy01-amd64-026) (gcc version 7.4.0 (Ubuntu 7.4.0-1ubuntu1~18.04.1)) #81-Ubuntu SMP Tue Nov 26 12:20:02 UTC 2019 (Ubuntu 4.15.0-72.81-generic 4.15.18)
[    0.000000] Command line: BOOT_IMAGE=/boot/vmlinuz-4.15.0-72-generic root=LABEL=cloudimg-rootfs ro console=tty1 console=ttyS0
[    0.000000] KERNEL supported cpus:
[    0.000000]   Intel GenuineIntel
[    0.000000]   AMD AuthenticAMD
[    0.000000]   Centaur CentaurHauls
[    0.000000] [Firmware Bug]: TSC doesn't count with P0 frequency!
[    0.000000] x86/fpu: Supporting XSAVE feature 0x001: 'x87 floating point registers'
[    0.000000] x86/fpu: Supporting XSAVE feature 0x002: 'SSE registers'
[    0.000000] x86/fpu: Supporting XSAVE feature 0x004: 'AVX registers'
[    0.000000] x86/fpu: xstate_offset[2]:  576, xstate_sizes[2]:  256
[    0.000000] x86/fpu: Enabled xstate features 0x7, context size is 832 bytes, using 'standard' format.
[    0.000000] e820: BIOS-provided physical RAM map:
[    0.000000] BIOS-e820: [mem 0x0000000000000000-0x000000000009fbff] usable
[    0.000000] BIOS-e820: [mem 0x000000000009fc00-0x000000000009ffff] reserved
[    0.000000] BIOS-e820: [mem 0x00000000000f0000-0x00000000000fffff] reserved
[    0.000000] BIOS-e820: [mem 0x0000000000100000-0x000000001ffeffff] usable
[    0.000000] BIOS-e820: [mem 0x000000001fff0000-0x000000001fffffff] ACPI data
[    0.000000] BIOS-e820: [mem 0x00000000fec00000-0x00000000fec00fff] reserved
[    0.000000] BIOS-e820: [mem 0x00000000fee00000-0x00000000fee00fff] reserved
[    0.000000] BIOS-e820: [mem 0x00000000fffc0000-0x00000000ffffffff] reserved
[    0.000000] NX (Execute Disable) protection: active
[    0.000000] SMBIOS 2.5 present.
[    0.000000] DMI: innotek GmbH VirtualBox/VirtualBox, BIOS VirtualBox 12/01/2006
[    0.000000] Hypervisor detected: KVM
[    0.000000] e820: last_pfn = 0x1fff0 max_arch_pfn = 0x400000000
[    0.000000] MTRR: Disabled
[    0.000000] x86/PAT: MTRRs disabled, skipping PAT initialization too.
[    0.000000] CPU MTRRs all blank - virtualized system.
[    0.000000] x86/PAT: Configuration [0-7]: WB  WT  UC- UC  WB  WT  UC- UC  
[    0.000000] found SMP MP-table at [mem 0x0009fff0-0x0009ffff]
[    0.000000] Scanning 1 areas for low memory corruption
[    0.000000] RAMDISK: [mem 0x1db4c000-0x1ee95fff]
[    0.000000] ACPI: Early table checksum verification disabled
[    0.000000] ACPI: RSDP 0x00000000000E0000 000024 (v02 VBOX  )
[    0.000000] ACPI: XSDT 0x000000001FFF0030 00003C (v01 VBOX   VBOXXSDT 00000001 ASL  00000061)
[    0.000000] ACPI: FACP 0x000000001FFF00F0 0000F4 (v04 VBOX   VBOXFACP 00000001 ASL  00000061)
[    0.000000] ACPI: DSDT 0x000000001FFF0470 0022EA (v02 VBOX   VBOXBIOS 00000002 INTL 20191018)
[    0.000000] ACPI: FACS 0x000000001FFF0200 000040
[    0.000000] ACPI: FACS 0x000000001FFF0200 000040
[    0.000000] ACPI: APIC 0x000000001FFF0240 00005C (v02 VBOX   VBOXAPIC 00000001 ASL  00000061)
[    0.000000] ACPI: SSDT 0x000000001FFF02A0 0001CC (v01 VBOX   VBOXCPUT 00000002 INTL 20191018)
[    0.000000] No NUMA configuration found
[    0.000000] Faking a node at [mem 0x0000000000000000-0x000000001ffeffff]
[    0.000000] NODE_DATA(0) allocated [mem 0x1ffc5000-0x1ffeffff]
[    0.000000] kvm-clock: cpu 0, msr 0:1ff44001, primary cpu clock
[    0.000000] kvm-clock: Using msrs 4b564d01 and 4b564d00
[    0.000000] kvm-clock: using sched offset of 3425338437 cycles
[    0.000000] clocksource: kvm-clock: mask: 0xffffffffffffffff max_cycles: 0x1cd42e4dffb, max_idle_ns: 881590591483 ns
[    0.000000] Zone ranges:
[    0.000000]   DMA      [mem 0x0000000000001000-0x0000000000ffffff]
[    0.000000]   DMA32    [mem 0x0000000001000000-0x000000001ffeffff]
[    0.000000]   Normal   empty
[    0.000000]   Device   empty
[    0.000000] Movable zone start for each node
[    0.000000] Early memory node ranges
[    0.000000]   node   0: [mem 0x0000000000001000-0x000000000009efff]
[    0.000000]   node   0: [mem 0x0000000000100000-0x000000001ffeffff]
[    0.000000] Reserved but unavailable: 98 pages
[    0.000000] Initmem setup node 0 [mem 0x0000000000001000-0x000000001ffeffff]
[    0.000000] ACPI: PM-Timer IO Port: 0x4008
[    0.000000] IOAPIC[0]: apic_id 2, version 32, address 0xfec00000, GSI 0-23
[    0.000000] ACPI: INT_SRC_OVR (bus 0 bus_irq 0 global_irq 2 dfl dfl)
[    0.000000] ACPI: INT_SRC_OVR (bus 0 bus_irq 9 global_irq 9 low level)
[    0.000000] Using ACPI (MADT) for SMP configuration information
[    0.000000] smpboot: Allowing 2 CPUs, 0 hotplug CPUs
[    0.000000] PM: Registered nosave memory: [mem 0x00000000-0x00000fff]
[    0.000000] PM: Registered nosave memory: [mem 0x0009f000-0x0009ffff]
[    0.000000] PM: Registered nosave memory: [mem 0x000a0000-0x000effff]
[    0.000000] PM: Registered nosave memory: [mem 0x000f0000-0x000fffff]
[    0.000000] e820: [mem 0x20000000-0xfebfffff] available for PCI devices
[    0.000000] Booting paravirtualized kernel on KVM
[    0.000000] clocksource: refined-jiffies: mask: 0xffffffff max_cycles: 0xffffffff, max_idle_ns: 7645519600211568 ns
[    0.000000] random: get_random_bytes called from start_kernel+0x99/0x4fd with crng_init=0
[    0.000000] setup_percpu: NR_CPUS:8192 nr_cpumask_bits:2 nr_cpu_ids:2 nr_node_ids:1
[    0.000000] percpu: Embedded 45 pages/cpu s147456 r8192 d28672 u1048576
[    0.000000] PV qspinlock hash table entries: 256 (order: 0, 4096 bytes)
[    0.000000] Built 1 zonelists, mobility grouping on.  Total pages: 128889
[    0.000000] Policy zone: DMA32
[    0.000000] Kernel command line: BOOT_IMAGE=/boot/vmlinuz-4.15.0-72-generic root=LABEL=cloudimg-rootfs ro console=tty1 console=ttyS0
[    0.000000] Memory: 466748K/523832K available (12300K kernel code, 2481K rwdata, 4264K rodata, 2428K init, 2388K bss, 57084K reserved, 0K cma-reserved)
[    0.000000] SLUB: HWalign=64, Order=0-3, MinObjects=0, CPUs=2, Nodes=1
[    0.000000] ftrace: allocating 39318 entries in 154 pages
[    0.004000] Hierarchical RCU implementation.
[    0.004000] 	RCU restricting CPUs from NR_CPUS=8192 to nr_cpu_ids=2.
[    0.004000] 	Tasks RCU enabled.
[    0.004000] RCU: Adjusting geometry for rcu_fanout_leaf=16, nr_cpu_ids=2
[    0.004000] NR_IRQS: 524544, nr_irqs: 440, preallocated irqs: 16
[    0.004000] Console: colour VGA+ 80x25
[    0.004000] console [tty1] enabled
[    0.004000] console [ttyS0] enabled
[    0.004000] ACPI: Core revision 20170831
[    0.004000] ACPI: 2 ACPI AML tables successfully acquired and loaded
[    0.004000] APIC: Switch to symmetric I/O mode setup
[    0.004000] x2apic enabled
[    0.004000] Switched APIC routing to physical x2apic.
[    0.004000] ..TIMER: vector=0x30 apic1=0 pin1=2 apic2=-1 pin2=-1
[    0.004000] tsc: Detected 2195.874 MHz processor
[    0.004000] Calibrating delay loop (skipped) preset value.. 4391.74 BogoMIPS (lpj=8783496)
[    0.004000] pid_max: default: 32768 minimum: 301
[    0.004000] Security Framework initialized
[    0.004000] Yama: becoming mindful.
[    0.004000] AppArmor: AppArmor initialized
[    0.004000] Dentry cache hash table entries: 65536 (order: 7, 524288 bytes)
[    0.004000] Inode-cache hash table entries: 32768 (order: 6, 262144 bytes)
[    0.004000] Mount-cache hash table entries: 1024 (order: 1, 8192 bytes)
[    0.004000] Mountpoint-cache hash table entries: 1024 (order: 1, 8192 bytes)
[    0.004000] Last level iTLB entries: 4KB 1024, 2MB 1024, 4MB 512
[    0.004000] Last level dTLB entries: 4KB 1536, 2MB 1536, 4MB 768, 1GB 0
[    0.004000] Spectre V1 : Mitigation: usercopy/swapgs barriers and __user pointer sanitization
[    0.004000] Spectre V2 : Spectre mitigation: LFENCE not serializing, switching to generic retpoline
[    0.004000] Spectre V2 : Mitigation: Full generic retpoline
[    0.004000] Spectre V2 : Spectre v2 / SpectreRSB mitigation: Filling RSB on context switch
[    0.004000] Speculative Store Bypass: Mitigation: Speculative Store Bypass disabled via prctl and seccomp
[    0.004000] Freeing SMP alternatives memory: 36K
[    0.117284] APIC calibration not consistent with PM-Timer: 106ms instead of 100ms
[    0.118081] APIC delta adjusted to PM-Timer: 6395183 (6830969)
[    0.118674] smpboot: CPU0: AMD Ryzen 7 2700U with Radeon Vega Mobile Gfx (family: 0x17, model: 0x11, stepping: 0x0)
[    0.119786] Performance Events: PMU not available due to virtualization, using software events only.
[    0.120000] Hierarchical SRCU implementation.
[    0.122913] NMI watchdog: Perf event create on CPU 0 failed with -2
[    0.123483] NMI watchdog: Perf NMI watchdog permanently disabled
[    0.124058] smp: Bringing up secondary CPUs ...
[    0.124788] x86: Booting SMP configuration:
[    0.125204] .... node  #0, CPUs:      #1
[    0.004000] kvm-clock: cpu 1, msr 0:1ff44041, secondary cpu clock
[    0.128050] smp: Brought up 1 node, 2 CPUs
[    0.128372] smpboot: Max logical packages: 1
[    0.128759] smpboot: Total of 2 processors activated (8783.49 BogoMIPS)
[    0.132236] devtmpfs: initialized
[    0.132445] x86/mm: Memory block size: 128MB
[    0.133097] evm: security.selinux
[    0.133485] evm: security.SMACK64
[    0.133789] evm: security.SMACK64EXEC
[    0.134170] evm: security.SMACK64TRANSMUTE
[    0.134562] evm: security.SMACK64MMAP
[    0.136003] evm: security.apparmor
[    0.136349] evm: security.ima
[    0.136650] evm: security.capability
[    0.137092] clocksource: jiffies: mask: 0xffffffff max_cycles: 0xffffffff, max_idle_ns: 7645041785100000 ns
[    0.138525] futex hash table entries: 512 (order: 3, 32768 bytes)
[    0.140387] pinctrl core: initialized pinctrl subsystem
[    0.140387] RTC time:  0:14:45, date: 12/11/19
[    0.141899] NET: Registered protocol family 16
[    0.142970] audit: initializing netlink subsys (disabled)
[    0.144075] audit: type=2000 audit(1576023291.039:1): state=initialized audit_enabled=0 res=1
[    0.148069] cpuidle: using governor ladder
[    0.148493] cpuidle: using governor menu
[    0.152212] ACPI: bus type PCI registered
[    0.153364] acpiphp: ACPI Hot Plug PCI Controller Driver version: 0.5
[    0.154914] PCI: Using configuration type 1 for base access
[    0.154914] PCI: Using configuration type 1 for extended access
[    0.160119] HugeTLB registered 2.00 MiB page size, pre-allocated 0 pages
[    0.161202] ACPI: Added _OSI(Module Device)
[    0.161528] ACPI: Added _OSI(Processor Device)
[    0.164041] ACPI: Added _OSI(3.0 _SCP Extensions)
[    0.164675] ACPI: Added _OSI(Processor Aggregator Device)
[    0.165401] ACPI: Added _OSI(Linux-Dell-Video)
[    0.166048] ACPI: Added _OSI(Linux-Lenovo-NV-HDMI-Audio)
[    0.166900] ACPI: Added _OSI(Linux-HPI-Hybrid-Graphics)
[    0.168301] ACPI: Executed 1 blocks of module-level executable AML code
[    0.174215] ACPI: Interpreter enabled
[    0.174953] ACPI: (supports S0 S5)
[    0.175439] ACPI: Using IOAPIC for interrupt routing
[    0.176596] PCI: Using host bridge windows from ACPI; if necessary, use "pci=nocrs" and report a bug
[    0.178740] ACPI: Enabled 2 GPEs in block 00 to 07
[    0.190843] ACPI: PCI Root Bridge [PCI0] (domain 0000 [bus 00-ff])
[    0.191950] acpi PNP0A03:00: _OSC: OS supports [ExtendedConfig ASPM ClockPM Segments MSI]
[    0.194385] acpi PNP0A03:00: _OSC: platform does not support [PCIeCapability]
[    0.197124] acpi PNP0A03:00: _OSC: not requesting control; platform does not support [PCIeCapability]
[    0.200045] acpi PNP0A03:00: _OSC: OS requested [PCIeHotplug PME AER PCIeCapability]
[    0.201558] acpi PNP0A03:00: _OSC: platform willing to grant [PCIeHotplug PME AER]
[    0.203043] acpi PNP0A03:00: _OSC failed (AE_SUPPORT); disabling ASPM
[    0.204598] PCI host bridge to bus 0000:00
[    0.206364] pci_bus 0000:00: root bus resource [io  0x0000-0x0cf7 window]
[    0.207570] pci_bus 0000:00: root bus resource [io  0x0d00-0xffff window]
[    0.208022] pci_bus 0000:00: root bus resource [mem 0x000a0000-0x000bffff window]
[    0.209392] pci_bus 0000:00: root bus resource [mem 0x20000000-0xfdffffff window]
[    0.210821] pci_bus 0000:00: root bus resource [bus 00-ff]
[    0.213966] pci 0000:00:01.1: legacy IDE quirk: reg 0x10: [io  0x01f0-0x01f7]
[    0.215105] pci 0000:00:01.1: legacy IDE quirk: reg 0x14: [io  0x03f6]
[    0.216028] pci 0000:00:01.1: legacy IDE quirk: reg 0x18: [io  0x0170-0x0177]
[    0.217875] pci 0000:00:01.1: legacy IDE quirk: reg 0x1c: [io  0x0376]
[    0.244027] pci 0000:00:07.0: quirk: [io  0x4000-0x403f] claimed by PIIX4 ACPI
[    0.245641] pci 0000:00:07.0: quirk: [io  0x4100-0x410f] claimed by PIIX4 SMB
[    0.255466] ACPI: PCI Interrupt Link [LNKA] (IRQs 5 9 10 *11)
[    0.256521] ACPI: PCI Interrupt Link [LNKB] (IRQs 5 9 *10 11)
[    0.257698] ACPI: PCI Interrupt Link [LNKC] (IRQs 5 *9 10 11)
[    0.260084] ACPI: PCI Interrupt Link [LNKD] (IRQs 5 9 10 *11)
[    0.261800] SCSI subsystem initialized
[    0.262519] pci 0000:00:02.0: vgaarb: setting as boot VGA device
[    0.262519] pci 0000:00:02.0: vgaarb: VGA device added: decodes=io+mem,owns=io+mem,locks=none
[    0.264014] pci 0000:00:02.0: vgaarb: bridge control possible
[    0.264798] vgaarb: loaded
[    0.265399] ACPI: bus type USB registered
[    0.266065] usbcore: registered new interface driver usbfs
[    0.266929] usbcore: registered new interface driver hub
[    0.268025] usbcore: registered new device driver usb
[    0.268951] EDAC MC: Ver: 3.0.0
[    0.268951] PCI: Using ACPI for IRQ routing
[    0.269143] NetLabel: Initializing
[    0.272011] NetLabel:  domain hash size = 128
[    0.272730] NetLabel:  protocols = UNLABELED CIPSOv4 CALIPSO
[    0.273438] NetLabel:  unlabeled traffic allowed by default
[    0.274089] clocksource: Switched to clocksource kvm-clock
[    0.304744] VFS: Disk quotas dquot_6.6.0
[    0.305471] VFS: Dquot-cache hash table entries: 512 (order 0, 4096 bytes)
[    0.306638] AppArmor: AppArmor Filesystem Enabled
[    0.307351] pnp: PnP ACPI init
[    0.308927] pnp: PnP ACPI: found 3 devices
[    0.319031] clocksource: acpi_pm: mask: 0xffffff max_cycles: 0xffffff, max_idle_ns: 2085701024 ns
[    0.320468] NET: Registered protocol family 2
[    0.321365] TCP established hash table entries: 4096 (order: 3, 32768 bytes)
[    0.322217] TCP bind hash table entries: 4096 (order: 4, 65536 bytes)
[    0.322999] TCP: Hash tables configured (established 4096 bind 4096)
[    0.323799] UDP hash table entries: 256 (order: 1, 8192 bytes)
[    0.324529] UDP-Lite hash table entries: 256 (order: 1, 8192 bytes)
[    0.325440] NET: Registered protocol family 1
[    0.326013] pci 0000:00:00.0: Limiting direct PCI/PCI transfers
[    0.326747] pci 0000:00:01.0: Activating ISA DMA hang workarounds
[    0.327514] pci 0000:00:02.0: Video device with shadowed ROM at [mem 0x000c0000-0x000dffff]
[    0.328685] Unpacking initramfs...
[    0.659813] Freeing initrd memory: 19752K
[    0.660637] clocksource: tsc: mask: 0xffffffffffffffff max_cycles: 0x1fa6f9655b2, max_idle_ns: 440795314254 ns
[    0.661800] platform rtc_cmos: registered platform RTC device (no PNP device found)
[    0.662924] Scanning for low memory corruption every 60 seconds
[    0.664710] Initialise system trusted keyrings
[    0.665392] Key type blacklist registered
[    0.666023] workingset: timestamp_bits=36 max_order=17 bucket_order=0
[    0.669406] zbud: loaded
[    0.673008] squashfs: version 4.0 (2009/01/31) Phillip Lougher
[    0.674645] fuse init (API version 7.26)
[    0.680639] Key type asymmetric registered
[    0.681578] Asymmetric key parser 'x509' registered
[    0.682901] Block layer SCSI generic (bsg) driver version 0.4 loaded (major 246)
[    0.684618] io scheduler noop registered
[    0.685516] io scheduler deadline registered
[    0.686567] io scheduler cfq registered (default)
[    0.688447] ACPI: AC Adapter [AC] (on-line)
[    0.689449] input: Power Button as /devices/LNXSYSTM:00/LNXPWRBN:00/input/input0
[    0.691074] ACPI: Power Button [PWRF]
[    0.692285] input: Sleep Button as /devices/LNXSYSTM:00/LNXSLPBN:00/input/input1
[    0.694231] ACPI: Sleep Button [SLPF]
[    0.696249] Serial: 8250/16550 driver, 32 ports, IRQ sharing enabled
[    0.697344] ACPI: Battery Slot [BAT0] (battery present)
[    0.719169] 00:02: ttyS0 at I/O 0x3f8 (irq = 4, base_baud = 115200) is a 16550A
[    0.729797] Linux agpgart interface v0.103
[    0.733510] loop: module loaded
[    0.734875] scsi host0: ata_piix
[    0.736118] scsi host1: ata_piix
[    0.736659] ata1: PATA max UDMA/33 cmd 0x1f0 ctl 0x3f6 bmdma 0xd000 irq 14
[    0.737417] ata2: PATA max UDMA/33 cmd 0x170 ctl 0x376 bmdma 0xd008 irq 15
[    0.738528] libphy: Fixed MDIO Bus: probed
[    0.739036] tun: Universal TUN/TAP device driver, 1.6
[    0.739757] PPP generic driver version 2.4.2
[    0.740509] ehci_hcd: USB 2.0 'Enhanced' Host Controller (EHCI) Driver
[    0.741392] ehci-pci: EHCI PCI platform driver
[    0.742258] ehci-platform: EHCI generic platform driver
[    0.743053] ohci_hcd: USB 1.1 'Open' Host Controller (OHCI) Driver
[    0.744004] ohci-pci: OHCI PCI platform driver
[    0.744828] ohci-platform: OHCI generic platform driver
[    0.745680] uhci_hcd: USB Universal Host Controller Interface driver
[    0.746588] i8042: PNP: PS/2 Controller [PNP0303:PS2K,PNP0f03:PS2M] at 0x60,0x64 irq 1,12
[    0.748214] serio: i8042 KBD port at 0x60,0x64 irq 1
[    0.748856] serio: i8042 AUX port at 0x60,0x64 irq 12
[    0.749652] mousedev: PS/2 mouse device common for all mice
[    0.750644] input: AT Translated Set 2 keyboard as /devices/platform/i8042/serio0/input/input2
[    0.752240] rtc_cmos rtc_cmos: rtc core: registered rtc_cmos as rtc0
[    0.753197] rtc_cmos rtc_cmos: alarms up to one day, 114 bytes nvram
[    0.753926] i2c /dev entries driver
[    0.754526] device-mapper: uevent: version 1.0.3
[    0.755361] device-mapper: ioctl: 4.37.0-ioctl (2017-09-20) initialised: dm-devel@redhat.com
[    0.756414] ledtrig-cpu: registered to indicate activity on CPUs
[    0.758778] NET: Registered protocol family 10
[    0.766086] Segment Routing with IPv6
[    0.766894] NET: Registered protocol family 17
[    0.767823] Key type dns_resolver registered
[    0.768888] mce: Using 0 MCE banks
[    0.769489] RAS: Correctable Errors collector initialized.
[    0.770256] sched_clock: Marking stable (768847247, 0)->(879249066, -110401819)
[    0.771617] registered taskstats version 1
[    0.772156] Loading compiled-in X.509 certificates
[    0.777175] Loaded X.509 cert 'Build time autogenerated kernel key: f4f7241365689b0cbe3898188e65e316fd8f978d'
[    0.778579] zswap: loaded using pool lzo/zbud
[    0.784139] Key type big_key registered
[    0.784667] Key type trusted registered
[    0.788649] Key type encrypted registered
[    0.789499] AppArmor: AppArmor sha1 policy hashing enabled
[    0.790828] ima: No TPM chip found, activating TPM-bypass! (rc=-19)
[    0.792034] ima: Allocated hash algorithm: sha1
[    0.792888] evm: HMAC attrs: 0x1
[    0.793981]   Magic number: 15:28:203
[    0.794621] rtc_cmos rtc_cmos: setting system clock to 2019-12-11 00:14:46 UTC (1576023286)
[    0.795961] BIOS EDD facility v0.16 2004-Jun-25, 0 devices found
[    0.796743] EDD information not available.
[    0.905597] Freeing unused kernel image memory: 2428K
[    0.916176] Write protecting the kernel read-only data: 20480k
[    0.917907] Freeing unused kernel image memory: 2008K
[    0.919544] Freeing unused kernel image memory: 1880K
[    0.927955] x86/mm: Checked W+X mappings: passed, no W+X pages found.
Loading, please wait...
starting version 237
[    1.019049] e1000: Intel(R) PRO/1000 Network Driver - version 7.3.21-k8-NAPI
[    1.019858] e1000: Copyright (c) 1999-2006 Intel Corporation.
[    1.031284] Fusion MPT base driver 3.04.20
[    1.031838] Copyright (c) 1999-2008 LSI Corporation
[    1.035861] vboxvideo: loading out-of-tree module taints kernel.
[    1.036554] vboxvideo: module verification failed: signature and/or required key missing - tainting kernel
[    1.049197] Fusion MPT SPI Host driver 3.04.20
[    1.051891] AVX2 version of gcm_enc/dec engaged.
[    1.052375] AES CTR mode by8 optimization enabled
[    1.234539] input: ImExPS/2 Generic Explorer Mouse as /devices/platform/i8042/serio1/input/input4
[    1.379775] e1000 0000:00:03.0 eth0: (PCI:33MHz:32-bit) 02:4f:96:30:ef:2c
[    1.380506] e1000 0000:00:03.0 eth0: Intel(R) PRO/1000 Network Connection
[    1.382172] [drm] VRAM 01000000
[    1.382849] [TTM] Zone  kernel: Available graphics memory: 246426 kiB
[    1.383419] [TTM] Initializing pool allocator
[    1.383836] [TTM] Initializing DMA pool allocator
[    1.400970] fbcon: vboxdrmfb (fb0) is primary device
[    1.438780] Console: switching to colour frame buffer device 100x37
[    1.478372] vboxvideo 0000:00:02.0: fb0: vboxdrmfb frame buffer device
[    1.492241] [drm] Initialized vboxvideo 1.0.0 20130823 for 0000:00:02.0 on minor 0
[    1.495768] mptbase: ioc0: Initiating bringup
[    1.680864] ioc0: LSI53C1030 A0: Capabilities={Initiator}
[    3.075711] scsi host2: ioc0: LSI53C1030 A0, FwRev=00000000h, Ports=1, MaxQ=256, IRQ=20
[    3.244735] scsi 2:0:0:0: Direct-Access     VBOX     HARDDISK         1.0  PQ: 0 ANSI: 5
[    3.284157] scsi target2:0:0: Beginning Domain Validation
[    3.287393] scsi target2:0:0: Domain Validation skipping write tests
[    3.289244] scsi target2:0:0: Ending Domain Validation
[    3.290721] scsi target2:0:0: asynchronous
[    3.292764] scsi 2:0:1:0: Direct-Access     VBOX     HARDDISK         1.0  PQ: 0 ANSI: 5
[    3.552144] scsi target2:0:1: Beginning Domain Validation
[    3.562282] scsi target2:0:1: Domain Validation skipping write tests
[    3.571823] scsi target2:0:1: Ending Domain Validation
[    3.580720] scsi target2:0:1: asynchronous
[    3.591821] e1000 0000:00:08.0 eth1: (PCI:33MHz:32-bit) 08:00:27:6a:7d:e8
[    3.594234] sd 2:0:0:0: [sda] 20971520 512-byte logical blocks: (10.7 GB/10.0 GiB)
[    3.601303] e1000 0000:00:08.0 eth1: Intel(R) PRO/1000 Network Connection
[    3.624345] e1000 0000:00:08.0 enp0s8: renamed from eth1
[    3.628150] sd 2:0:0:0: [sda] Write Protect is off
[    3.635530] sd 2:0:0:0: Attached scsi generic sg0 type 0
[    3.646967] sd 2:0:0:0: [sda] Incomplete mode parameter data
[    3.659308] sd 2:0:1:0: Attached scsi generic sg1 type 0
[    3.670711] sd 2:0:0:0: [sda] Assuming drive cache: write through
[    3.670969] random: fast init done
[    3.683334] random: systemd-udevd: uninitialized urandom read (16 bytes read)
[    3.696210] sd 2:0:1:0: [sdb] 20480 512-byte logical blocks: (10.5 MB/10.0 MiB)
[    3.709606] random: systemd-udevd: uninitialized urandom read (16 bytes read)
[    3.723220] sd 2:0:1:0: [sdb] Write Protect is off
[    3.737857] random: systemd-udevd: uninitialized urandom read (16 bytes read)
[    3.771721] e1000 0000:00:03.0 enp0s3: renamed from eth0
[    3.787934] sd 2:0:1:0: [sdb] Incomplete mode parameter data
[    3.821143] sd 2:0:1:0: [sdb] Assuming drive cache: write through
[    3.847380]  sda: sda1
[    3.868549] sd 2:0:1:0: [sdb] Attached SCSI disk
[    3.888160] sd 2:0:0:0: [sda] Attached SCSI disk
Begin: Loading essential drivers ... [    4.156172] raid6: sse2x1   gen()  5072 MB/s
[    4.220186] raid6: sse2x1   xor()  5485 MB/s
[    4.284814] raid6: sse2x2   gen() 13453 MB/s
[    4.344122] raid6: sse2x2   xor()  8890 MB/s
[    4.404152] raid6: sse2x4   gen() 14277 MB/s
[    4.468182] raid6: sse2x4   xor()  7372 MB/s
[    4.528145] raid6: avx2x1   gen() 15075 MB/s
[    4.588127] raid6: avx2x1   xor() 11419 MB/s
[    4.648162] raid6: avx2x2   gen() 19108 MB/s
[    4.708138] raid6: avx2x2   xor() 12177 MB/s
[    4.768175] raid6: avx2x4   gen() 19306 MB/s
[    4.828162] raid6: avx2x4   xor()  9955 MB/s
[    4.840739] raid6: using algorithm avx2x4 gen() 19306 MB/s
[    4.854904] raid6: .... xor() 9955 MB/s, rmw enabled
[    4.870883] raid6: using avx2x2 recovery algorithm
[    4.885969] xor: automatically using best checksumming function   avx       
[    4.903529] async_tx: api initialized (async)
done.
Begin: Running /scripts/init-premount ... done.
Begin: Mounting root file system ... Begin: Running /scripts/local-top ... done.
Begin: Running /scripts/local-premount ... [    4.975102] Btrfs loaded, crc32c=crc32c-intel
Scanning for Btrfs filesystems
done.
Warning: fsck not present, so skipping root file system
[    5.023381] EXT4-fs (sda1): mounted filesystem with ordered data mode. Opts: (null)
done.
Begin: Running /scripts/local-bottom ... done.
Begin: Running /scripts/init-bottom ... done.
[    5.209387] ip_tables: (C) 2000-2006 Netfilter Core Team
[    5.231551] systemd[1]: systemd 237 running in system mode. (+PAM +AUDIT +SELINUX +IMA +APPARMOR +SMACK +SYSVINIT +UTMP +LIBCRYPTSETUP +GCRYPT +GNUTLS +ACL +XZ +LZ4 +SECCOMP +BLKID +ELFUTILS +KMOD -IDN2 +IDN -PCRE2 default-hierarchy=hybrid)
[    5.274864] systemd[1]: Detected virtualization oracle.
[    5.289773] systemd[1]: Detected architecture x86-64.

Welcome to [1mUbuntu 18.04.3 LTS[0m!

[    5.316296] systemd[1]: Set hostname to <client>.
[    5.618711] systemd[1]: Reached target User and Group Name Lookups.
[[0;32m  OK  [0m] Reached target User and Group Name Lookups.
[    5.636764] systemd[1]: Reached target Swap.
[[0;32m  OK  [0m] Reached target Swap.
[    5.651834] systemd[1]: Created slice System Slice.
[[0;32m  OK  [0m] Created slice System Slice.
[    5.665664] systemd[1]: Listening on /dev/initctl Compatibility Named Pipe.
[[0;32m  OK  [0m] Listening on /dev/initctl Compatibility Named Pipe.
[    5.679111] systemd[1]: Listening on LVM2 poll daemon socket.
[[0;32m  OK  [0m] Listening on LVM2 poll daemon socket.
[    5.691754] systemd[1]: Listening on LVM2 metadata daemon socket.
[[0;32m  OK  [0m] Listening on LVM2 metadata daemon socket.
[[0;32m  OK  [0m] Created slice system-serial\x2dgetty.slice.
[[0;32m  OK  [0m] Listening on udev Control Socket.
[[0;32m  OK  [0m] Listening on udev Kernel Socket.
[[0;32m  OK  [0m] Listening on Network Service Netlink Socket.
[[0;32m  OK  [0m] Listening on Journal Socket.
         Mounting POSIX Message Queue File System...
         Starting Set the console keyboard layout...
         Starting Remount Root and Kernel File Systems...
         Starting Load Kernel Modules...
         Mounting Huge Pages File System...
[    5.749972] EXT4-fs (sda1): re-mounted. Opts: (null)
         Starting Uncomplicated firewall...
         Mounting Kernel Debug File System...
[    5.779244] Loading iSCSI transport class v2.0-870.
[[0;32m  OK  [0m] Listening on Journal Audit Socket.
[[0;32m  OK  [0m] Created slice User and Session Slice.
[[0;32m  OK  [0m] Reached target Slices.
[[0;32m  OK  [0m] Reached target System Time Synchronized.
[    5.806414] iscsi: registered transport (tcp)
         Starting Create list of required stâ€¦ce nodes for the current kernel...
[[0;32m  OK  [0m] Set up automount Arbitrary Executabâ€¦rmats File System Automount Point.
         Starting udev Coldplug all Devices...
[[0;32m  OK  [0m] Listening on Journal Socket (/dev/log).
[[0;32m  OK  [0m] Listening on Syslog Socket.
         Starting Journal Service...
[[0;32m  OK  [0m] Listening on Device-mapper event daemon FIFOs.
         Starting Monitoring of LVM2 mirrorsâ€¦ng dmeventd or progress polling...
[[0;32m  OK  [0m] Started Forward Password Requests to Wall Directory Watch.
[[0;32m  OK  [0m] Mounted POSIX Message Queue File System.
[[0;32m  OK  [0m] Started Remount Root and Kernel File Systems.
[[0;32m  OK  [0m] Mounted Huge Pages File System.
[[0;32m  OK  [0m] Started Uncomplicated firewall.
[[0;32m  OK  [0m] Mounted Kernel Debug File System.
         Starting Load/Save Random Seed...
[[0;32m  OK  [0m] Started Create list of required staâ€¦vice nodes for the current kernel.
[[0;32m  OK  [0m] Started LVM2 metadata daemon.
         Starting Create Static Device Nodes in /dev...
[[0;32m  OK  [0m] Started Load/Save Random Seed.
[[0;32m  OK  [0m] Started udev Coldplug all Devices.
[[0;32m  OK  [0m] Started Journal Service.
         Starting Flush Journal to Persistent Storage...
[    5.987725] iscsi: registered transport (iser)
[[0;32m  OK  [0m] Started Load Kernel Modules.
         Mounting Kernel Configuration File System...
         Starting Apply Kernel Variables...
         Mounting FUSE Control File System...
[[0;32m  OK  [0m] Started Monitoring of LVM2 mirrors,â€¦sing dmeventd or progress polling.
[[0;32m  OK  [0m] Mounted Kernel Configuration File System.
[[0;32m  OK  [0m] Started Create Static Device Nodes in /dev.
[[0;32m  OK  [0m] Mounted FUSE Control File System.
         Starting udev Kernel Device Manager...
[    6.041771] systemd-journald[403]: Received request to flush runtime journal from PID 1
[[0;32m  OK  [0m] Started udev Kernel Device Manager.
[[0;32m  OK  [0m] Started Apply Kernel Variables.
[[0;32m  OK  [0m] Started Flush Journal to Persistent Storage.
[[0;32m  OK  [0m] Found device /dev/ttyS0.
[[0;32m  OK  [0m] Listening on Load/Save RF Kill Switch Status /dev/rfkill Watch.
[[0;32m  OK  [0m] Started Set the console keyboard layout.
[[0;32m  OK  [0m] Started Dispatch Password Requests to Console Directory Watch.
[[0;32m  OK  [0m] Reached target Local Encrypted Volumes.
[[0;32m  OK  [0m] Reached target Local File Systems (Pre).
[[0;32m  OK  [0m] Reached target Local File Systems.
         Starting Set console font and keymap...
         Starting Tell Plymouth To Write Out Runtime Data...
         Starting ebtables ruleset management...
         Starting AppArmor initialization...
         Starting Create Volatile Files and Directories...
[[0;32m  OK  [0m] Started Set console font and keymap.
[[0;32m  OK  [0m] Started Tell Plymouth To Write Out Runtime Data.
[[0;32m  OK  [0m] Started Create Volatile Files and Directories.
         Starting Update UTMP about System Boot/Shutdown...
[[0;32m  OK  [0m] Started Update UTMP about System Boot/Shutdown.
[[0;32m  OK  [0m] Started ebtables ruleset management.
[[0;32m  OK  [0m] Started AppArmor initialization.
         Starting Initial cloud-init job (pre-networking)...
[    8.186989] cloud-init[640]: Cloud-init v. 19.2-36-g059d049c-0ubuntu2~18.04.1 running 'init-local' at Wed, 11 Dec 2019 00:14:53 +0000. Up 7.94 seconds.
[[0;32m  OK  [0m] Started Initial cloud-init job (pre-networking).
[[0;32m  OK  [0m] Reached target Network (Pre).
         Starting Network Service...
[[0;32m  OK  [0m] Started Network Service.
         Starting Wait for Network to be Configured...
         Starting Network Name Resolution...
[[0;32m  OK  [0m] Started Network Name Resolution.
[[0;32m  OK  [0m] Reached target Network.
[[0;32m  OK  [0m] Reached target Host and Network Name Lookups.
[[0;32m  OK  [0m] Started Wait for Network to be Configured.
         Starting Initial cloud-init job (metadata service crawler)...
[   10.987190] cloud-init[754]: Cloud-init v. 19.2-36-g059d049c-0ubuntu2~18.04.1 running 'init' at Wed, 11 Dec 2019 00:14:56 +0000. Up 10.78 seconds.
[   10.988671] cloud-init[754]: ci-info: ++++++++++++++++++++++++++++++++++++++Net device info+++++++++++++++++++++++++++++++++++++++
[   10.989257] cloud-init[754]: ci-info: +--------+------+-----------------------------+---------------+--------+-------------------+
[   11.004407] cloud-init[754]: ci-info: | Device |  Up  |           Address           |      Mask     | Scope  |     Hw-Address    |
[   11.005443] cloud-init[754]: ci-info: +--------+------+-----------------------------+---------------+--------+-------------------+
[   11.006323] cloud-init[754]: ci-info: | enp0s3 | True |          10.0.2.15          | 255.255.255.0 | global | 02:4f:96:30:ef:2c |
[   11.007190] cloud-init[754]: ci-info: | enp0s3 | True |  fe80::4f:96ff:fe30:ef2c/64 |       .       |  link  | 02:4f:96:30:ef:2c |
[   11.008021] cloud-init[754]: ci-info: | enp0s8 | True |        192.168.56.12        | 255.255.255.0 | global | 08:00:27:6a:7d:e8 |
[   11.009198] cloud-init[754]: ci-info: | enp0s8 | True | fe80::a00:27ff:fe6a:7de8/64 |       .       |  link  | 08:00:27:6a:7d:e8 |
[   11.010107] cloud-init[754]: ci-info: |   lo   | True |          127.0.0.1          |   255.0.0.0   |  host  |         .         |
[   11.010939] cloud-init[754]: ci-info: |   lo   | True |           ::1/128           |       .       |  host  |         .         |
[   11.011792] cloud-init[754]: ci-info: +--------+------+-----------------------------+---------------+--------+-------------------+
[   11.012654] cloud-init[754]: ci-info: +++++++++++++++++++++++++++++++Route IPv4 info++++++++++++++++++++++++++++++++
[   11.013433] cloud-init[754]: ci-info: +-------+--------------+---------------+-----------------+-----------+-------+
[   11.014195] cloud-init[754]: ci-info: | Route | Destination  |    Gateway    |     Genmask     | Interface | Flags |
[   11.015010] cloud-init[754]: ci-info: +-------+--------------+---------------+-----------------+-----------+-------+
[   11.015760] cloud-init[754]: ci-info: |   0   |   0.0.0.0    | 192.168.56.11 |     0.0.0.0     |   enp0s8  |   UG  |
[   11.016701] cloud-init[754]: ci-info: |   1   |   0.0.0.0    |    10.0.2.2   |     0.0.0.0     |   enp0s3  |   UG  |
[   11.017560] cloud-init[754]: ci-info: |   2   |   10.0.2.0   |    0.0.0.0    |  255.255.255.0  |   enp0s3  |   U   |
[   11.018665] cloud-init[754]: ci-info: |   3   |   10.0.2.2   |    0.0.0.0    | 255.255.255.255 |   enp0s3  |   UH  |
[   11.019837] cloud-init[754]: ci-info: |   4   | 192.168.56.0 |    0.0.0.0    |  255.255.255.0  |   enp0s8  |   U   |
[   11.021753] cloud-init[754]: ci-info: +-------+--------------+---------------+-----------------+-----------+-------+
[   11.024550] cloud-init[754]: ci-info: +++++++++++++++++++Route IPv6 info+++++++++++++++++++
[   11.037896] cloud-init[754]: ci-info: +-------+-------------+---------+-----------+-------+
[   11.038763] cloud-init[754]: ci-info: | Route | Destination | Gateway | Interface | Flags |
[   11.054141] cloud-init[754]: ci-info: +-------+-------------+---------+-----------+-------+
[   11.054920] cloud-init[754]: ci-info: |   1   |  fe80::/64  |    ::   |   enp0s8  |   U   |
[   11.055587] cloud-init[754]: ci-info: |   2   |  fe80::/64  |    ::   |   enp0s3  |   U   |
[   11.056301] cloud-init[754]: ci-info: |   4   |    local    |    ::   |   enp0s3  |   U   |
[   11.057085] cloud-init[754]: ci-info: |   5   |    local    |    ::   |   enp0s8  |   U   |
[   11.057777] cloud-init[754]: ci-info: |   6   |   ff00::/8  |    ::   |   enp0s8  |   U   |
[   11.058484] cloud-init[754]: ci-info: |   7   |   ff00::/8  |    ::   |   enp0s3  |   U   |
[   11.059150] cloud-init[754]: ci-info: +-------+-------------+---------+-----------+-------+
[[0;32m  OK  [0m] Started Initial cloud-init job (metadata service crawler).
[[0;32m  OK  [0m] Reached target System Initialization.
[[0;32m  OK  [0m] Started Discard unused blocks once a week.
         Starting Socket activation for snappy daemon.
[[0;32m  OK  [0m] Listening on D-Bus System Message Bus Socket.
[[0;32m  OK  [0m] Listening on Open-iSCSI iscsid Socket.
[[0;32m  OK  [0m] Started ACPI Events Check.
[[0;32m  OK  [0m] Listening on ACPID Listen Socket.
[[0;32m  OK  [0m] Listening on UUID daemon activation socket.
         Starting LXD - unix socket.
[[0;32m  OK  [0m] Reached target Paths.
[[0;32m  OK  [0m] Started Daily apt download activities.
[[0;32m  OK  [0m] Started Daily apt upgrade and clean activities.
[[0;32m  OK  [0m] Started Message of the Day.
[[0;32m  OK  [0m] Started Daily Cleanup of Temporary Directories.
[[0;32m  OK  [0m] Reached target Timers.
[[0;32m  OK  [0m] Reached target Network is Online.
         Starting Availability of block devices...
[[0;32m  OK  [0m] Reached target Remote File Systems (Pre).
[[0;32m  OK  [0m] Reached target Remote File Systems.
[[0;32m  OK  [0m] Reached target Cloud-config availability.
[[0;32m  OK  [0m] Listening on Socket activation for snappy daemon.
[[0;32m  OK  [0m] Listening on LXD - unix socket.
[[0;32m  OK  [0m] Reached target Sockets.
[[0;32m  OK  [0m] Reached target Basic System.
[[0;32m  OK  [0m] Started Regular background program processing daemon.
         Starting vboxadd.service...
[[0;32m  OK  [0m] Started D-Bus System Message Bus.
         Starting LXD - container startup/shutdown...
         Starting Login Service...
         Starting OpenBSD Secure Shell server...
         Starting Accounts Service...
[[0;32m  OK  [0m] Started Deferred execution scheduler.
         Starting System Logging Service...
         Starting LSB: Record successful boot for GRUB...
[[0;32m  OK  [0m] Started irqbalance daemon.
[[0;32m  OK  [0m] Started FUSE filesystem for LXC.
         Starting LSB: automatic crash report generation...
         Starting Permit User Sessions...
         Starting Dispatcher daemon for systemd-networkd...
         Starting Snappy daemon...
[[0;32m  OK  [0m] Started System Logging Service.
[[0;32m  OK  [0m] Started Availability of block devices.
[[0;32m  OK  [0m] Started LXD - container startup/shutdown.
[[0;32m  OK  [0m] Started Permit User Sessions.
[[0;32m  OK  [0m] Started Login Service.
         Starting Authorization Manager...
[[0;32m  OK  [0m] Started Unattended Upgrades Shutdown.
         Starting Hold until boot process finishes up...
         Starting Terminate Plymouth Boot Screen...
[[0;32m  OK  [0m] Started Terminate Plymouth Boot Screen.
[[0;32m  OK  [0m] Started Hold until boot process finishes up.
[[0;32m  OK  [0m] Started Serial Getty on ttyS0.
         Starting Set console scheme...
[[0;32m  OK  [0m] Started OpenBSD Secure Shell server.
[[0;32m  OK  [0m] Started LSB: Record successful boot for GRUB.
[[0;32m  OK  [0m] Started Set console scheme.
[[0;32m  OK  [0m] Created slice system-getty.slice.
[[0;32m  OK  [0m] Started Getty on tty1.
[[0;32m  OK  [0m] Reached target Login Prompts.
[[0;32m  OK  [0m] Started Authorization Manager.
[[0;32m  OK  [0m] Started Accounts Service.
[[0;32m  OK  [0m] Started LSB: automatic crash report generation.
[[0;32m  OK  [0m] Started Dispatcher daemon for systemd-networkd.
[[0;32m  OK  [0m] Created slice User Slice of vagrant.
         Starting User Manager for UID 1000...
[[0;32m  OK  [0m] Started Session 1 of user vagrant.
[[0;32m  OK  [0m] Started User Manager for UID 1000.
[[0;32m  OK  [0m] Started Snappy daemon.
         Starting Wait until snapd is fully seeded...
[[0;32m  OK  [0m] Started Wait until snapd is fully seeded.
         Starting Apply the settings specified in cloud-config...
[[0;32m  OK  [0m] Started vboxadd.service.
         Starting vboxadd-service.service...
[[0;32m  OK  [0m] Started vboxadd-service.service.
[[0;32m  OK  [0m] Reached target Multi-User System.
[[0;32m  OK  [0m] Reached target Graphical Interface.
         Starting Update UTMP about System Runlevel Changes...
[[0;32m  OK  [0m] Started Update UTMP about System Runlevel Changes.
[   14.455470] cloud-init[1210]: Cloud-init v. 19.2-36-g059d049c-0ubuntu2~18.04.1 running 'modules:config' at Wed, 11 Dec 2019 00:15:00 +0000. Up 14.32 seconds.
[[0;32m  OK  [0m] Started Apply the settings specified in cloud-config.
         Starting Execute cloud user/final scripts...
[   15.104705] cloud-init[1357]: Cloud-init v. 19.2-36-g059d049c-0ubuntu2~18.04.1 running 'modules:final' at Wed, 11 Dec 2019 00:15:00 +0000. Up 14.96 seconds.
[   15.105931] cloud-init[1357]: Cloud-init v. 19.2-36-g059d049c-0ubuntu2~18.04.1 finished at Wed, 11 Dec 2019 00:15:00 +0000. Datasource DataSourceNoCloud [seed=/dev/sdb][dsmode=net].  Up 15.09 seconds
[[0;32m  OK  [0m] Started Execute cloud user/final scripts.
[[0;32m  OK  [0m] Reached target Cloud-init target.

Ubuntu 18.04.3 LTS client ttyS0

client login: 